// Validating benchmarks:
//    * No loggers defined, you will not see any progress!

//    * No column providers defined, result table will be empty.

// ***** BenchmarkRunner: Start   *****
// ***** Found 12 benchmark(s) in total *****
// ***** Building 1 exe(s) in Parallel: Start   *****
// start dotnet  restore /p:UseSharedCompilation=false /p:BuildInParallel=false /m:1 /p:Deterministic=true /p:Optimize=true in C:\directory-git\ktits-repository-3\SortBenchmark\bin\Release\net8.0\1dabe441-8291-443d-a76b-c6b5269bc42b
// command took 1 sec and exited with 0
// start dotnet  build -c Release --no-restore /p:UseSharedCompilation=false /p:BuildInParallel=false /m:1 /p:Deterministic=true /p:Optimize=true in C:\directory-git\ktits-repository-3\SortBenchmark\bin\Release\net8.0\1dabe441-8291-443d-a76b-c6b5269bc42b
// command took 2.78 sec and exited with 0
// ***** Done, took 00:00:03 (3.83 sec)   *****
// Found 12 benchmarks:
//   SortBenchmarks.ArraySort1_Large: DefaultJob
//   SortBenchmarks.ArraySort2_Large: DefaultJob
//   SortBenchmarks.ArraySort3_Large: DefaultJob
//   SortBenchmarks.ArraySort4_Large: DefaultJob
//   SortBenchmarks.ArraySort1_Medium: DefaultJob
//   SortBenchmarks.ArraySort2_Medium: DefaultJob
//   SortBenchmarks.ArraySort3_Medium: DefaultJob
//   SortBenchmarks.ArraySort4_Medium: DefaultJob
//   SortBenchmarks.ArraySort1_Small: DefaultJob
//   SortBenchmarks.ArraySort2_Small: DefaultJob
//   SortBenchmarks.ArraySort3_Small: DefaultJob
//   SortBenchmarks.ArraySort4_Small: DefaultJob

Setup power plan (GUID: 8c5e7fda-e8bf-4a96-9a85-a6e23a8c635c FriendlyName: High performance)
// **************************
// Benchmark: SortBenchmarks.ArraySort1_Large: DefaultJob
// *** Execute ***
// Launch: 1 / 1
// Execute: dotnet 1dabe441-8291-443d-a76b-c6b5269bc42b.dll --anonymousPipes 1336 1384 --benchmarkName SortBenchmark.SortBenchmarks.ArraySort1_Large --job Default --benchmarkId 0 in C:\directory-git\ktits-repository-3\SortBenchmark\bin\Release\net8.0\1dabe441-8291-443d-a76b-c6b5269bc42b\bin\Release\net8.0
// BeforeAnythingElse

// Benchmark Process Environment Information:
// BenchmarkDotNet v0.13.12
// Runtime=.NET 8.0.24 (8.0.2426.7010), X64 RyuJIT AVX2
// GC=Concurrent Workstation
// HardwareIntrinsics=AVX2,AES,BMI1,BMI2,FMA,LZCNT,PCLMUL,POPCNT VectorSize=256
// Job: DefaultJob

OverheadJitting  1: 1 op, 214600.00 ns, 214.6000 us/op
WorkloadJitting  1: 1 op, 491500.00 ns, 491.5000 us/op

OverheadJitting  2: 16 op, 406400.00 ns, 25.4000 us/op
WorkloadJitting  2: 16 op, 575600.00 ns, 35.9750 us/op

WorkloadPilot    1: 16 op, 203100.00 ns, 12.6937 us/op
WorkloadPilot    2: 32 op, 286600.00 ns, 8.9563 us/op
WorkloadPilot    3: 64 op, 528900.00 ns, 8.2641 us/op
WorkloadPilot    4: 128 op, 1040500.00 ns, 8.1289 us/op
WorkloadPilot    5: 256 op, 2107500.00 ns, 8.2324 us/op
WorkloadPilot    6: 512 op, 4273200.00 ns, 8.3461 us/op
WorkloadPilot    7: 1024 op, 8719300.00 ns, 8.5149 us/op
WorkloadPilot    8: 2048 op, 17228000.00 ns, 8.4121 us/op
WorkloadPilot    9: 4096 op, 32412600.00 ns, 7.9132 us/op
WorkloadPilot   10: 8192 op, 62569500.00 ns, 7.6379 us/op
WorkloadPilot   11: 16384 op, 127262400.00 ns, 7.7675 us/op
WorkloadPilot   12: 32768 op, 251238600.00 ns, 7.6672 us/op
WorkloadPilot   13: 65536 op, 495155300.00 ns, 7.5555 us/op
WorkloadPilot   14: 131072 op, 982725400.00 ns, 7.4976 us/op

OverheadWarmup   1: 131072 op, 468600.00 ns, 3.5751 ns/op
OverheadWarmup   2: 131072 op, 449300.00 ns, 3.4279 ns/op
OverheadWarmup   3: 131072 op, 446700.00 ns, 3.4081 ns/op
OverheadWarmup   4: 131072 op, 410600.00 ns, 3.1326 ns/op
OverheadWarmup   5: 131072 op, 410400.00 ns, 3.1311 ns/op
OverheadWarmup   6: 131072 op, 410300.00 ns, 3.1303 ns/op
OverheadWarmup   7: 131072 op, 407600.00 ns, 3.1097 ns/op
OverheadWarmup   8: 131072 op, 407500.00 ns, 3.1090 ns/op
OverheadWarmup   9: 131072 op, 407600.00 ns, 3.1097 ns/op
OverheadWarmup  10: 131072 op, 407800.00 ns, 3.1113 ns/op

OverheadActual   1: 131072 op, 408000.00 ns, 3.1128 ns/op
OverheadActual   2: 131072 op, 407700.00 ns, 3.1105 ns/op
OverheadActual   3: 131072 op, 410600.00 ns, 3.1326 ns/op
OverheadActual   4: 131072 op, 408500.00 ns, 3.1166 ns/op
OverheadActual   5: 131072 op, 408000.00 ns, 3.1128 ns/op
OverheadActual   6: 131072 op, 407700.00 ns, 3.1105 ns/op
OverheadActual   7: 131072 op, 407700.00 ns, 3.1105 ns/op
OverheadActual   8: 131072 op, 410200.00 ns, 3.1296 ns/op
OverheadActual   9: 131072 op, 410200.00 ns, 3.1296 ns/op
OverheadActual  10: 131072 op, 410100.00 ns, 3.1288 ns/op
OverheadActual  11: 131072 op, 410200.00 ns, 3.1296 ns/op
OverheadActual  12: 131072 op, 410300.00 ns, 3.1303 ns/op
OverheadActual  13: 131072 op, 410200.00 ns, 3.1296 ns/op
OverheadActual  14: 131072 op, 410200.00 ns, 3.1296 ns/op
OverheadActual  15: 131072 op, 410100.00 ns, 3.1288 ns/op

WorkloadWarmup   1: 131072 op, 1013177900.00 ns, 7.7299 us/op
