// Validating benchmarks:
//    * No column providers defined, result table will be empty.

// ***** BenchmarkRunner: Start   *****
// ***** Found 12 benchmark(s) in total *****
// ***** Building 1 exe(s) in Parallel: Start   *****
// start dotnet  restore /p:UseSharedCompilation=false /p:BuildInParallel=false /m:1 /p:Deterministic=true /p:Optimize=true in C:\directory-git\ktits-repository-3\SortBenchmark\bin\Release\net8.0\703ab8d2-ad20-4fed-8518-ab529465ad92
// command took 1.03 sec and exited with 0
// start dotnet  build -c Release --no-restore /p:UseSharedCompilation=false /p:BuildInParallel=false /m:1 /p:Deterministic=true /p:Optimize=true in C:\directory-git\ktits-repository-3\SortBenchmark\bin\Release\net8.0\703ab8d2-ad20-4fed-8518-ab529465ad92
// command took 3.1 sec and exited with 0
// ***** Done, took 00:00:04 (4.19 sec)   *****
// Found 12 benchmarks:
//   SortBenchmarks.ArraySort1_Large: DefaultJob
//   SortBenchmarks.ArraySort2_Large: DefaultJob
//   SortBenchmarks.ArraySort3_Large: DefaultJob
//   SortBenchmarks.ArraySort4_Large: DefaultJob
//   SortBenchmarks.ArraySort1_Medium: DefaultJob
//   SortBenchmarks.ArraySort2_Medium: DefaultJob
//   SortBenchmarks.ArraySort3_Medium: DefaultJob
//   SortBenchmarks.ArraySort4_Medium: DefaultJob
//   SortBenchmarks.ArraySort1_Small: DefaultJob
//   SortBenchmarks.ArraySort2_Small: DefaultJob
//   SortBenchmarks.ArraySort3_Small: DefaultJob
//   SortBenchmarks.ArraySort4_Small: DefaultJob

Setup power plan (GUID: 8c5e7fda-e8bf-4a96-9a85-a6e23a8c635c FriendlyName: High performance)
// **************************
// Benchmark: SortBenchmarks.ArraySort1_Large: DefaultJob
// *** Execute ***
// Launch: 1 / 1
// Execute: dotnet 703ab8d2-ad20-4fed-8518-ab529465ad92.dll --anonymousPipes 1480 1636 --benchmarkName SortBenchmark.SortBenchmarks.ArraySort1_Large --job Default --benchmarkId 0 in C:\directory-git\ktits-repository-3\SortBenchmark\bin\Release\net8.0\703ab8d2-ad20-4fed-8518-ab529465ad92\bin\Release\net8.0
// BeforeAnythingElse

// Benchmark Process Environment Information:
// BenchmarkDotNet v0.13.12
// Runtime=.NET 8.0.24 (8.0.2426.7010), X64 RyuJIT AVX2
// GC=Concurrent Workstation
// HardwareIntrinsics=AVX2,AES,BMI1,BMI2,FMA,LZCNT,PCLMUL,POPCNT VectorSize=256
// Job: DefaultJob

OverheadJitting  1: 1 op, 220000.00 ns, 220.0000 us/op
WorkloadJitting  1: 1 op, 633000.00 ns, 633.0000 us/op

OverheadJitting  2: 16 op, 566300.00 ns, 35.3937 us/op
WorkloadJitting  2: 16 op, 612000.00 ns, 38.2500 us/op

WorkloadPilot    1: 16 op, 159100.00 ns, 9.9437 us/op
WorkloadPilot    2: 32 op, 401000.00 ns, 12.5312 us/op
WorkloadPilot    3: 64 op, 555700.00 ns, 8.6828 us/op
WorkloadPilot    4: 128 op, 1097600.00 ns, 8.5750 us/op
WorkloadPilot    5: 256 op, 2406000.00 ns, 9.3984 us/op
WorkloadPilot    6: 512 op, 4289400.00 ns, 8.3777 us/op
WorkloadPilot    7: 1024 op, 9984100.00 ns, 9.7501 us/op
WorkloadPilot    8: 2048 op, 18160600.00 ns, 8.8675 us/op
WorkloadPilot    9: 4096 op, 33715000.00 ns, 8.2312 us/op
WorkloadPilot   10: 8192 op, 66405900.00 ns, 8.1062 us/op
WorkloadPilot   11: 16384 op, 130483500.00 ns, 7.9641 us/op
WorkloadPilot   12: 32768 op, 268269800.00 ns, 8.1869 us/op
WorkloadPilot   13: 65536 op, 482916900.00 ns, 7.3687 us/op
WorkloadPilot   14: 131072 op, 1067690000.00 ns, 8.1458 us/op

OverheadWarmup   1: 131072 op, 531900.00 ns, 4.0581 ns/op
OverheadWarmup   2: 131072 op, 484300.00 ns, 3.6949 ns/op
OverheadWarmup   3: 131072 op, 515600.00 ns, 3.9337 ns/op
OverheadWarmup   4: 131072 op, 543900.00 ns, 4.1496 ns/op
OverheadWarmup   5: 131072 op, 575900.00 ns, 4.3938 ns/op
OverheadWarmup   6: 131072 op, 523900.00 ns, 3.9970 ns/op
OverheadWarmup   7: 131072 op, 494400.00 ns, 3.7720 ns/op
OverheadWarmup   8: 131072 op, 438600.00 ns, 3.3463 ns/op
OverheadWarmup   9: 131072 op, 463500.00 ns, 3.5362 ns/op
OverheadWarmup  10: 131072 op, 459600.00 ns, 3.5065 ns/op

OverheadActual   1: 131072 op, 435300.00 ns, 3.3211 ns/op
OverheadActual   2: 131072 op, 424800.00 ns, 3.2410 ns/op
OverheadActual   3: 131072 op, 686600.00 ns, 5.2383 ns/op
OverheadActual   4: 131072 op, 509500.00 ns, 3.8872 ns/op
OverheadActual   5: 131072 op, 427000.00 ns, 3.2578 ns/op
OverheadActual   6: 131072 op, 430200.00 ns, 3.2822 ns/op
OverheadActual   7: 131072 op, 426000.00 ns, 3.2501 ns/op
OverheadActual   8: 131072 op, 425900.00 ns, 3.2494 ns/op
OverheadActual   9: 131072 op, 431100.00 ns, 3.2890 ns/op
OverheadActual  10: 131072 op, 423300.00 ns, 3.2295 ns/op
OverheadActual  11: 131072 op, 423200.00 ns, 3.2288 ns/op
OverheadActual  12: 131072 op, 423400.00 ns, 3.2303 ns/op
OverheadActual  13: 131072 op, 460500.00 ns, 3.5133 ns/op
OverheadActual  14: 131072 op, 423500.00 ns, 3.2310 ns/op
OverheadActual  15: 131072 op, 532600.00 ns, 4.0634 ns/op

WorkloadWarmup   1: 131072 op, 1184752000.00 ns, 9.0389 us/op
WorkloadWarmup   2: 131072 op, 1104078700.00 ns, 8.4235 us/op
WorkloadWarmup   3: 131072 op, 1017587200.00 ns, 7.7636 us/op
WorkloadWarmup   4: 131072 op, 981353600.00 ns, 7.4871 us/op
WorkloadWarmup   5: 131072 op, 1001537500.00 ns, 7.6411 us/op
WorkloadWarmup   6: 131072 op, 962321300.00 ns, 7.3419 us/op
WorkloadWarmup   7: 131072 op, 970474600.00 ns, 7.4041 us/op
WorkloadWarmup   8: 131072 op, 1024222400.00 ns, 7.8142 us/op
WorkloadWarmup   9: 131072 op, 1021361600.00 ns, 7.7924 us/op

// BeforeActualRun
WorkloadActual   1: 131072 op, 966877100.00 ns, 7.3767 us/op
WorkloadActual   2: 131072 op, 969546700.00 ns, 7.3971 us/op
WorkloadActual   3: 131072 op, 1022483500.00 ns, 7.8009 us/op
WorkloadActual   4: 131072 op, 1029164000.00 ns, 7.8519 us/op
WorkloadActual   5: 131072 op, 973327500.00 ns, 7.4259 us/op
WorkloadActual   6: 131072 op, 979637500.00 ns, 7.4740 us/op
WorkloadActual   7: 131072 op, 969237400.00 ns, 7.3947 us/op
WorkloadActual   8: 131072 op, 965961600.00 ns, 7.3697 us/op
WorkloadActual   9: 131072 op, 1006918200.00 ns, 7.6822 us/op
WorkloadActual  10: 131072 op, 952547500.00 ns, 7.2674 us/op
WorkloadActual  11: 131072 op, 973846400.00 ns, 7.4299 us/op
WorkloadActual  12: 131072 op, 972885200.00 ns, 7.4225 us/op
WorkloadActual  13: 131072 op, 972039300.00 ns, 7.4161 us/op
WorkloadActual  14: 131072 op, 989818800.00 ns, 7.5517 us/op
WorkloadActual  15: 131072 op, 978222300.00 ns, 7.4632 us/op

// AfterActualRun
WorkloadResult   1: 131072 op, 966450100.00 ns, 7.3734 us/op
WorkloadResult   2: 131072 op, 969119700.00 ns, 7.3938 us/op
WorkloadResult   3: 131072 op, 972900500.00 ns, 7.4226 us/op
WorkloadResult   4: 131072 op, 979210500.00 ns, 7.4708 us/op
WorkloadResult   5: 131072 op, 968810400.00 ns, 7.3914 us/op
WorkloadResult   6: 131072 op, 965534600.00 ns, 7.3664 us/op
WorkloadResult   7: 131072 op, 1006491200.00 ns, 7.6789 us/op
WorkloadResult   8: 131072 op, 952120500.00 ns, 7.2641 us/op
WorkloadResult   9: 131072 op, 973419400.00 ns, 7.4266 us/op
WorkloadResult  10: 131072 op, 972458200.00 ns, 7.4193 us/op
WorkloadResult  11: 131072 op, 971612300.00 ns, 7.4128 us/op
WorkloadResult  12: 131072 op, 989391800.00 ns, 7.5485 us/op
WorkloadResult  13: 131072 op, 977795300.00 ns, 7.4600 us/op
// GC:  63 0 0 531628432 131072
// Threading:  0 0 131072

// AfterAll
// Benchmark Process 19116 has exited with code 0.

Mean = 7.433 μs, StdErr = 0.027 μs (0.37%), N = 13, StdDev = 0.099 μs
Min = 7.264 μs, Q1 = 7.391 μs, Median = 7.419 μs, Q3 = 7.460 μs, Max = 7.679 μs
IQR = 0.069 μs, LowerFence = 7.289 μs, UpperFence = 7.563 μs
ConfidenceInterval = [7.315 μs; 7.551 μs] (CI 99.9%), Margin = 0.118 μs (1.59% of Mean)
Skewness = 0.89, Kurtosis = 3.83, MValue = 2

// ** Remained 11 (91.7%) benchmark(s) to run. Estimated finish 2026-03-31 18:03 (0h 5m from now) **
Setup power plan (GUID: 8c5e7fda-e8bf-4a96-9a85-a6e23a8c635c FriendlyName: High performance)
// **************************
// Benchmark: SortBenchmarks.ArraySort2_Large: DefaultJob
// *** Execute ***
// Launch: 1 / 1
// Execute: dotnet 703ab8d2-ad20-4fed-8518-ab529465ad92.dll --anonymousPipes 1580 1752 --benchmarkName SortBenchmark.SortBenchmarks.ArraySort2_Large --job Default --benchmarkId 1 in C:\directory-git\ktits-repository-3\SortBenchmark\bin\Release\net8.0\703ab8d2-ad20-4fed-8518-ab529465ad92\bin\Release\net8.0
// BeforeAnythingElse

// Benchmark Process Environment Information:
// BenchmarkDotNet v0.13.12
// Runtime=.NET 8.0.24 (8.0.2426.7010), X64 RyuJIT AVX2
// GC=Concurrent Workstation
// HardwareIntrinsics=AVX2,AES,BMI1,BMI2,FMA,LZCNT,PCLMUL,POPCNT VectorSize=256
// Job: DefaultJob

OverheadJitting  1: 1 op, 688800.00 ns, 688.8000 us/op
WorkloadJitting  1: 1 op, 1306800.00 ns, 1.3068 ms/op

OverheadJitting  2: 16 op, 490300.00 ns, 30.6438 us/op
WorkloadJitting  2: 16 op, 8114400.00 ns, 507.1500 us/op

WorkloadPilot    1: 16 op, 7532200.00 ns, 470.7625 us/op
WorkloadPilot    2: 32 op, 14894300.00 ns, 465.4469 us/op
WorkloadPilot    3: 64 op, 30598900.00 ns, 478.1078 us/op
WorkloadPilot    4: 128 op, 65654300.00 ns, 512.9242 us/op
WorkloadPilot    5: 256 op, 127535200.00 ns, 498.1844 us/op
WorkloadPilot    6: 512 op, 258693800.00 ns, 505.2613 us/op
WorkloadPilot    7: 1024 op, 535282500.00 ns, 522.7368 us/op

OverheadWarmup   1: 1024 op, 5500.00 ns, 5.3711 ns/op
OverheadWarmup   2: 1024 op, 3500.00 ns, 3.4180 ns/op
OverheadWarmup   3: 1024 op, 3300.00 ns, 3.2227 ns/op
OverheadWarmup   4: 1024 op, 5500.00 ns, 5.3711 ns/op
OverheadWarmup   5: 1024 op, 3600.00 ns, 3.5156 ns/op
OverheadWarmup   6: 1024 op, 5300.00 ns, 5.1758 ns/op
OverheadWarmup   7: 1024 op, 3500.00 ns, 3.4180 ns/op

OverheadActual   1: 1024 op, 3600.00 ns, 3.5156 ns/op
OverheadActual   2: 1024 op, 3700.00 ns, 3.6133 ns/op
OverheadActual   3: 1024 op, 3700.00 ns, 3.6133 ns/op
OverheadActual   4: 1024 op, 3900.00 ns, 3.8086 ns/op
OverheadActual   5: 1024 op, 3600.00 ns, 3.5156 ns/op
OverheadActual   6: 1024 op, 3500.00 ns, 3.4180 ns/op
OverheadActual   7: 1024 op, 4700.00 ns, 4.5898 ns/op
OverheadActual   8: 1024 op, 5800.00 ns, 5.6641 ns/op
OverheadActual   9: 1024 op, 5500.00 ns, 5.3711 ns/op
OverheadActual  10: 1024 op, 5100.00 ns, 4.9805 ns/op
OverheadActual  11: 1024 op, 3500.00 ns, 3.4180 ns/op
OverheadActual  12: 1024 op, 5400.00 ns, 5.2734 ns/op
OverheadActual  13: 1024 op, 3400.00 ns, 3.3203 ns/op
OverheadActual  14: 1024 op, 5300.00 ns, 5.1758 ns/op
OverheadActual  15: 1024 op, 3400.00 ns, 3.3203 ns/op
OverheadActual  16: 1024 op, 5500.00 ns, 5.3711 ns/op
OverheadActual  17: 1024 op, 3500.00 ns, 3.4180 ns/op
OverheadActual  18: 1024 op, 5100.00 ns, 4.9805 ns/op
OverheadActual  19: 1024 op, 5400.00 ns, 5.2734 ns/op
OverheadActual  20: 1024 op, 6500.00 ns, 6.3477 ns/op

WorkloadWarmup   1: 1024 op, 566503300.00 ns, 553.2259 us/op
WorkloadWarmup   2: 1024 op, 601741700.00 ns, 587.6384 us/op
WorkloadWarmup   3: 1024 op, 560314400.00 ns, 547.1820 us/op
WorkloadWarmup   4: 1024 op, 727225900.00 ns, 710.1815 us/op
WorkloadWarmup   5: 1024 op, 567368500.00 ns, 554.0708 us/op
WorkloadWarmup   6: 1024 op, 526083500.00 ns, 513.7534 us/op

// BeforeActualRun
WorkloadActual   1: 1024 op, 612371100.00 ns, 598.0187 us/op
WorkloadActual   2: 1024 op, 541901200.00 ns, 529.2004 us/op
WorkloadActual   3: 1024 op, 532427600.00 ns, 519.9488 us/op
WorkloadActual   4: 1024 op, 526276200.00 ns, 513.9416 us/op
WorkloadActual   5: 1024 op, 507162800.00 ns, 495.2762 us/op
WorkloadActual   6: 1024 op, 509381600.00 ns, 497.4430 us/op
WorkloadActual   7: 1024 op, 510200400.00 ns, 498.2426 us/op
WorkloadActual   8: 1024 op, 520299900.00 ns, 508.1054 us/op
WorkloadActual   9: 1024 op, 512900800.00 ns, 500.8797 us/op
WorkloadActual  10: 1024 op, 528898000.00 ns, 516.5020 us/op
WorkloadActual  11: 1024 op, 565836900.00 ns, 552.5751 us/op
WorkloadActual  12: 1024 op, 508966800.00 ns, 497.0379 us/op
WorkloadActual  13: 1024 op, 544801000.00 ns, 532.0322 us/op
WorkloadActual  14: 1024 op, 505135000.00 ns, 493.2959 us/op
WorkloadActual  15: 1024 op, 510231300.00 ns, 498.2728 us/op
WorkloadActual  16: 1024 op, 510678000.00 ns, 498.7090 us/op
WorkloadActual  17: 1024 op, 512563300.00 ns, 500.5501 us/op
WorkloadActual  18: 1024 op, 506722400.00 ns, 494.8461 us/op
WorkloadActual  19: 1024 op, 511381300.00 ns, 499.3958 us/op
WorkloadActual  20: 1024 op, 505184000.00 ns, 493.3437 us/op
WorkloadActual  21: 1024 op, 509418600.00 ns, 497.4791 us/op
WorkloadActual  22: 1024 op, 512734700.00 ns, 500.7175 us/op
WorkloadActual  23: 1024 op, 523411800.00 ns, 511.1443 us/op

// AfterActualRun
WorkloadResult   1: 1024 op, 541896900.00 ns, 529.1962 us/op
WorkloadResult   2: 1024 op, 532423300.00 ns, 519.9446 us/op
WorkloadResult   3: 1024 op, 526271900.00 ns, 513.9374 us/op
WorkloadResult   4: 1024 op, 507158500.00 ns, 495.2720 us/op
WorkloadResult   5: 1024 op, 509377300.00 ns, 497.4388 us/op
WorkloadResult   6: 1024 op, 510196100.00 ns, 498.2384 us/op
WorkloadResult   7: 1024 op, 520295600.00 ns, 508.1012 us/op
WorkloadResult   8: 1024 op, 512896500.00 ns, 500.8755 us/op
WorkloadResult   9: 1024 op, 528893700.00 ns, 516.4978 us/op
WorkloadResult  10: 1024 op, 508962500.00 ns, 497.0337 us/op
WorkloadResult  11: 1024 op, 544796700.00 ns, 532.0280 us/op
WorkloadResult  12: 1024 op, 505130700.00 ns, 493.2917 us/op
WorkloadResult  13: 1024 op, 510227000.00 ns, 498.2686 us/op
WorkloadResult  14: 1024 op, 510673700.00 ns, 498.7048 us/op
WorkloadResult  15: 1024 op, 512559000.00 ns, 500.5459 us/op
WorkloadResult  16: 1024 op, 506718100.00 ns, 494.8419 us/op
WorkloadResult  17: 1024 op, 511377000.00 ns, 499.3916 us/op
WorkloadResult  18: 1024 op, 505179700.00 ns, 493.3396 us/op
WorkloadResult  19: 1024 op, 509414300.00 ns, 497.4749 us/op
WorkloadResult  20: 1024 op, 512730400.00 ns, 500.7133 us/op
WorkloadResult  21: 1024 op, 523407500.00 ns, 511.1401 us/op
// GC:  0 0 0 4153744 1024
// Threading:  0 0 1024

// AfterAll
// Benchmark Process 16180 has exited with code 0.

Mean = 504.585 μs, StdErr = 2.517 μs (0.50%), N = 21, StdDev = 11.534 μs
Min = 493.292 μs, Q1 = 497.439 μs, Median = 499.392 μs, Q3 = 511.140 μs, Max = 532.028 μs
IQR = 13.701 μs, LowerFence = 476.887 μs, UpperFence = 531.692 μs
ConfidenceInterval = [494.896 μs; 514.273 μs] (CI 99.9%), Margin = 9.689 μs (1.92% of Mean)
Skewness = 1.09, Kurtosis = 2.91, MValue = 2

// ** Remained 10 (83.3%) benchmark(s) to run. Estimated finish 2026-03-31 18:02 (0h 3m from now) **
Setup power plan (GUID: 8c5e7fda-e8bf-4a96-9a85-a6e23a8c635c FriendlyName: High performance)
// **************************
// Benchmark: SortBenchmarks.ArraySort3_Large: DefaultJob
// *** Execute ***
// Launch: 1 / 1
// Execute: dotnet 703ab8d2-ad20-4fed-8518-ab529465ad92.dll --anonymousPipes 648 644 --benchmarkName SortBenchmark.SortBenchmarks.ArraySort3_Large --job Default --benchmarkId 2 in C:\directory-git\ktits-repository-3\SortBenchmark\bin\Release\net8.0\703ab8d2-ad20-4fed-8518-ab529465ad92\bin\Release\net8.0
// BeforeAnythingElse

// Benchmark Process Environment Information:
// BenchmarkDotNet v0.13.12
// Runtime=.NET 8.0.24 (8.0.2426.7010), X64 RyuJIT AVX2
// GC=Concurrent Workstation
// HardwareIntrinsics=AVX2,AES,BMI1,BMI2,FMA,LZCNT,PCLMUL,POPCNT VectorSize=256
// Job: DefaultJob

OverheadJitting  1: 1 op, 640400.00 ns, 640.4000 us/op
WorkloadJitting  1: 1 op, 688100.00 ns, 688.1000 us/op

OverheadJitting  2: 16 op, 408800.00 ns, 25.5500 us/op
WorkloadJitting  2: 16 op, 3185800.00 ns, 199.1125 us/op

WorkloadPilot    1: 16 op, 2146000.00 ns, 134.1250 us/op
WorkloadPilot    2: 32 op, 4024200.00 ns, 125.7563 us/op
WorkloadPilot    3: 64 op, 7662500.00 ns, 119.7266 us/op
WorkloadPilot    4: 128 op, 14519200.00 ns, 113.4313 us/op
WorkloadPilot    5: 256 op, 28716100.00 ns, 112.1723 us/op
WorkloadPilot    6: 512 op, 59418000.00 ns, 116.0508 us/op
WorkloadPilot    7: 1024 op, 33186100.00 ns, 32.4083 us/op
WorkloadPilot    8: 2048 op, 32039300.00 ns, 15.6442 us/op
WorkloadPilot    9: 4096 op, 59779300.00 ns, 14.5946 us/op
WorkloadPilot   10: 8192 op, 114976400.00 ns, 14.0352 us/op
WorkloadPilot   11: 16384 op, 235527500.00 ns, 14.3755 us/op
WorkloadPilot   12: 32768 op, 486288700.00 ns, 14.8404 us/op
WorkloadPilot   13: 65536 op, 946688000.00 ns, 14.4453 us/op

OverheadWarmup   1: 65536 op, 288700.00 ns, 4.4052 ns/op
OverheadWarmup   2: 65536 op, 220500.00 ns, 3.3646 ns/op
OverheadWarmup   3: 65536 op, 224900.00 ns, 3.4317 ns/op
OverheadWarmup   4: 65536 op, 214300.00 ns, 3.2700 ns/op
OverheadWarmup   5: 65536 op, 273700.00 ns, 4.1763 ns/op
OverheadWarmup   6: 65536 op, 280500.00 ns, 4.2801 ns/op
OverheadWarmup   7: 65536 op, 215700.00 ns, 3.2913 ns/op

OverheadActual   1: 65536 op, 209500.00 ns, 3.1967 ns/op
OverheadActual   2: 65536 op, 212600.00 ns, 3.2440 ns/op
OverheadActual   3: 65536 op, 213400.00 ns, 3.2562 ns/op
OverheadActual   4: 65536 op, 222600.00 ns, 3.3966 ns/op
OverheadActual   5: 65536 op, 205200.00 ns, 3.1311 ns/op
OverheadActual   6: 65536 op, 225100.00 ns, 3.4348 ns/op
OverheadActual   7: 65536 op, 209000.00 ns, 3.1891 ns/op
OverheadActual   8: 65536 op, 319500.00 ns, 4.8752 ns/op
OverheadActual   9: 65536 op, 211700.00 ns, 3.2303 ns/op
OverheadActual  10: 65536 op, 221700.00 ns, 3.3829 ns/op
OverheadActual  11: 65536 op, 209000.00 ns, 3.1891 ns/op
OverheadActual  12: 65536 op, 220800.00 ns, 3.3691 ns/op
OverheadActual  13: 65536 op, 295000.00 ns, 4.5013 ns/op
OverheadActual  14: 65536 op, 266100.00 ns, 4.0604 ns/op
OverheadActual  15: 65536 op, 216800.00 ns, 3.3081 ns/op

WorkloadWarmup   1: 65536 op, 961065600.00 ns, 14.6647 us/op
WorkloadWarmup   2: 65536 op, 1002374700.00 ns, 15.2950 us/op
WorkloadWarmup   3: 65536 op, 915166000.00 ns, 13.9643 us/op
WorkloadWarmup   4: 65536 op, 916347500.00 ns, 13.9824 us/op
WorkloadWarmup   5: 65536 op, 915695500.00 ns, 13.9724 us/op
WorkloadWarmup   6: 65536 op, 908461000.00 ns, 13.8620 us/op

// BeforeActualRun
WorkloadActual   1: 65536 op, 909976000.00 ns, 13.8851 us/op
WorkloadActual   2: 65536 op, 924984500.00 ns, 14.1141 us/op
WorkloadActual   3: 65536 op, 947412800.00 ns, 14.4564 us/op
WorkloadActual   4: 65536 op, 915389100.00 ns, 13.9677 us/op
WorkloadActual   5: 65536 op, 924220200.00 ns, 14.1025 us/op
WorkloadActual   6: 65536 op, 916592600.00 ns, 13.9861 us/op
WorkloadActual   7: 65536 op, 910281400.00 ns, 13.8898 us/op
WorkloadActual   8: 65536 op, 922509800.00 ns, 14.0764 us/op
WorkloadActual   9: 65536 op, 912467200.00 ns, 13.9231 us/op
WorkloadActual  10: 65536 op, 933096300.00 ns, 14.2379 us/op
WorkloadActual  11: 65536 op, 930606100.00 ns, 14.1999 us/op
WorkloadActual  12: 65536 op, 933434600.00 ns, 14.2431 us/op
WorkloadActual  13: 65536 op, 924183400.00 ns, 14.1019 us/op
WorkloadActual  14: 65536 op, 915473700.00 ns, 13.9690 us/op
WorkloadActual  15: 65536 op, 920037800.00 ns, 14.0387 us/op

// AfterActualRun
WorkloadResult   1: 65536 op, 909759200.00 ns, 13.8818 us/op
WorkloadResult   2: 65536 op, 924767700.00 ns, 14.1108 us/op
WorkloadResult   3: 65536 op, 915172300.00 ns, 13.9644 us/op
WorkloadResult   4: 65536 op, 924003400.00 ns, 14.0992 us/op
WorkloadResult   5: 65536 op, 916375800.00 ns, 13.9828 us/op
WorkloadResult   6: 65536 op, 910064600.00 ns, 13.8865 us/op
WorkloadResult   7: 65536 op, 922293000.00 ns, 14.0731 us/op
WorkloadResult   8: 65536 op, 912250400.00 ns, 13.9198 us/op
WorkloadResult   9: 65536 op, 932879500.00 ns, 14.2346 us/op
WorkloadResult  10: 65536 op, 930389300.00 ns, 14.1966 us/op
WorkloadResult  11: 65536 op, 933217800.00 ns, 14.2398 us/op
WorkloadResult  12: 65536 op, 923966600.00 ns, 14.0986 us/op
WorkloadResult  13: 65536 op, 915256900.00 ns, 13.9657 us/op
WorkloadResult  14: 65536 op, 919821000.00 ns, 14.0354 us/op
// GC:  31 0 0 265814416 65536
// Threading:  0 0 65536

// AfterAll
// Benchmark Process 7540 has exited with code 0.

Mean = 14.049 μs, StdErr = 0.032 μs (0.23%), N = 14, StdDev = 0.121 μs
Min = 13.882 μs, Q1 = 13.965 μs, Median = 14.054 μs, Q3 = 14.108 μs, Max = 14.240 μs
IQR = 0.143 μs, LowerFence = 13.750 μs, UpperFence = 14.323 μs
ConfidenceInterval = [13.912 μs; 14.186 μs] (CI 99.9%), Margin = 0.137 μs (0.98% of Mean)
Skewness = 0.17, Kurtosis = 1.6, MValue = 2

// ** Remained 9 (75.0%) benchmark(s) to run. Estimated finish 2026-03-31 18:02 (0h 3m from now) **
Setup power plan (GUID: 8c5e7fda-e8bf-4a96-9a85-a6e23a8c635c FriendlyName: High performance)
// **************************
// Benchmark: SortBenchmarks.ArraySort4_Large: DefaultJob
// *** Execute ***
// Launch: 1 / 1
// Execute: dotnet 703ab8d2-ad20-4fed-8518-ab529465ad92.dll --anonymousPipes 1660 1744 --benchmarkName SortBenchmark.SortBenchmarks.ArraySort4_Large --job Default --benchmarkId 3 in C:\directory-git\ktits-repository-3\SortBenchmark\bin\Release\net8.0\703ab8d2-ad20-4fed-8518-ab529465ad92\bin\Release\net8.0
// BeforeAnythingElse

// Benchmark Process Environment Information:
// BenchmarkDotNet v0.13.12
// Runtime=.NET 8.0.24 (8.0.2426.7010), X64 RyuJIT AVX2
// GC=Concurrent Workstation
// HardwareIntrinsics=AVX2,AES,BMI1,BMI2,FMA,LZCNT,PCLMUL,POPCNT VectorSize=256
// Job: DefaultJob

OverheadJitting  1: 1 op, 219200.00 ns, 219.2000 us/op
WorkloadJitting  1: 1 op, 891900.00 ns, 891.9000 us/op

OverheadJitting  2: 16 op, 406500.00 ns, 25.4062 us/op
WorkloadJitting  2: 16 op, 4217200.00 ns, 263.5750 us/op

WorkloadPilot    1: 16 op, 2942600.00 ns, 183.9125 us/op
WorkloadPilot    2: 32 op, 5572800.00 ns, 174.1500 us/op
WorkloadPilot    3: 64 op, 10640100.00 ns, 166.2516 us/op
WorkloadPilot    4: 128 op, 19953200.00 ns, 155.8844 us/op
WorkloadPilot    5: 256 op, 40023900.00 ns, 156.3434 us/op
WorkloadPilot    6: 512 op, 61380900.00 ns, 119.8846 us/op
WorkloadPilot    7: 1024 op, 26943900.00 ns, 26.3124 us/op
WorkloadPilot    8: 2048 op, 51155300.00 ns, 24.9782 us/op
WorkloadPilot    9: 4096 op, 99127100.00 ns, 24.2010 us/op
WorkloadPilot   10: 8192 op, 190313100.00 ns, 23.2316 us/op
WorkloadPilot   11: 16384 op, 379507700.00 ns, 23.1633 us/op
WorkloadPilot   12: 32768 op, 782415800.00 ns, 23.8774 us/op

OverheadWarmup   1: 32768 op, 129400.00 ns, 3.9490 ns/op
OverheadWarmup   2: 32768 op, 94200.00 ns, 2.8748 ns/op
OverheadWarmup   3: 32768 op, 102700.00 ns, 3.1342 ns/op
OverheadWarmup   4: 32768 op, 94300.00 ns, 2.8778 ns/op
OverheadWarmup   5: 32768 op, 102900.00 ns, 3.1403 ns/op
OverheadWarmup   6: 32768 op, 94200.00 ns, 2.8748 ns/op

OverheadActual   1: 32768 op, 102300.00 ns, 3.1219 ns/op
OverheadActual   2: 32768 op, 92600.00 ns, 2.8259 ns/op
OverheadActual   3: 32768 op, 100700.00 ns, 3.0731 ns/op
OverheadActual   4: 32768 op, 94500.00 ns, 2.8839 ns/op
OverheadActual   5: 32768 op, 103500.00 ns, 3.1586 ns/op
OverheadActual   6: 32768 op, 93700.00 ns, 2.8595 ns/op
OverheadActual   7: 32768 op, 102300.00 ns, 3.1219 ns/op
OverheadActual   8: 32768 op, 117800.00 ns, 3.5950 ns/op
OverheadActual   9: 32768 op, 102900.00 ns, 3.1403 ns/op
OverheadActual  10: 32768 op, 94100.00 ns, 2.8717 ns/op
OverheadActual  11: 32768 op, 102700.00 ns, 3.1342 ns/op
OverheadActual  12: 32768 op, 102300.00 ns, 3.1219 ns/op
OverheadActual  13: 32768 op, 111600.00 ns, 3.4058 ns/op
OverheadActual  14: 32768 op, 94900.00 ns, 2.8961 ns/op
OverheadActual  15: 32768 op, 102800.00 ns, 3.1372 ns/op
OverheadActual  16: 32768 op, 94100.00 ns, 2.8717 ns/op
OverheadActual  17: 32768 op, 103800.00 ns, 3.1677 ns/op
OverheadActual  18: 32768 op, 94600.00 ns, 2.8870 ns/op
OverheadActual  19: 32768 op, 102100.00 ns, 3.1158 ns/op

WorkloadWarmup   1: 32768 op, 840151100.00 ns, 25.6394 us/op
WorkloadWarmup   2: 32768 op, 763093100.00 ns, 23.2878 us/op
WorkloadWarmup   3: 32768 op, 765420200.00 ns, 23.3588 us/op
WorkloadWarmup   4: 32768 op, 767955500.00 ns, 23.4361 us/op
WorkloadWarmup   5: 32768 op, 765052000.00 ns, 23.3475 us/op
WorkloadWarmup   6: 32768 op, 775917600.00 ns, 23.6791 us/op
WorkloadWarmup   7: 32768 op, 780416300.00 ns, 23.8164 us/op
WorkloadWarmup   8: 32768 op, 791017500.00 ns, 24.1399 us/op
WorkloadWarmup   9: 32768 op, 791927100.00 ns, 24.1677 us/op
WorkloadWarmup  10: 32768 op, 772724400.00 ns, 23.5817 us/op

// BeforeActualRun
WorkloadActual   1: 32768 op, 778731600.00 ns, 23.7650 us/op
WorkloadActual   2: 32768 op, 769150400.00 ns, 23.4726 us/op
WorkloadActual   3: 32768 op, 785693700.00 ns, 23.9775 us/op
WorkloadActual   4: 32768 op, 777577200.00 ns, 23.7298 us/op
WorkloadActual   5: 32768 op, 776293800.00 ns, 23.6906 us/op
WorkloadActual   6: 32768 op, 774134300.00 ns, 23.6247 us/op
WorkloadActual   7: 32768 op, 770008200.00 ns, 23.4988 us/op
WorkloadActual   8: 32768 op, 789240100.00 ns, 24.0857 us/op
WorkloadActual   9: 32768 op, 772313500.00 ns, 23.5691 us/op
WorkloadActual  10: 32768 op, 766332800.00 ns, 23.3866 us/op
WorkloadActual  11: 32768 op, 779515600.00 ns, 23.7889 us/op
WorkloadActual  12: 32768 op, 769462700.00 ns, 23.4821 us/op
WorkloadActual  13: 32768 op, 784727300.00 ns, 23.9480 us/op
WorkloadActual  14: 32768 op, 769718300.00 ns, 23.4899 us/op
WorkloadActual  15: 32768 op, 784107900.00 ns, 23.9291 us/op

// AfterActualRun
WorkloadResult   1: 32768 op, 778629300.00 ns, 23.7619 us/op
WorkloadResult   2: 32768 op, 769048100.00 ns, 23.4695 us/op
WorkloadResult   3: 32768 op, 785591400.00 ns, 23.9743 us/op
WorkloadResult   4: 32768 op, 777474900.00 ns, 23.7267 us/op
WorkloadResult   5: 32768 op, 776191500.00 ns, 23.6875 us/op
WorkloadResult   6: 32768 op, 774032000.00 ns, 23.6216 us/op
WorkloadResult   7: 32768 op, 769905900.00 ns, 23.4957 us/op
WorkloadResult   8: 32768 op, 789137800.00 ns, 24.0826 us/op
WorkloadResult   9: 32768 op, 772211200.00 ns, 23.5660 us/op
WorkloadResult  10: 32768 op, 766230500.00 ns, 23.3835 us/op
WorkloadResult  11: 32768 op, 779413300.00 ns, 23.7858 us/op
WorkloadResult  12: 32768 op, 769360400.00 ns, 23.4790 us/op
WorkloadResult  13: 32768 op, 784625000.00 ns, 23.9449 us/op
WorkloadResult  14: 32768 op, 769616000.00 ns, 23.4868 us/op
WorkloadResult  15: 32768 op, 784005600.00 ns, 23.9260 us/op
// GC:  31 0 0 264765840 32768
// Threading:  0 0 32768

// AfterAll
// Benchmark Process 21720 has exited with code 0.

Mean = 23.693 μs, StdErr = 0.056 μs (0.24%), N = 15, StdDev = 0.217 μs
Min = 23.383 μs, Q1 = 23.491 μs, Median = 23.687 μs, Q3 = 23.856 μs, Max = 24.083 μs
IQR = 0.365 μs, LowerFence = 22.944 μs, UpperFence = 24.403 μs
ConfidenceInterval = [23.461 μs; 23.924 μs] (CI 99.9%), Margin = 0.232 μs (0.98% of Mean)
Skewness = 0.28, Kurtosis = 1.63, MValue = 2

// ** Remained 8 (66.7%) benchmark(s) to run. Estimated finish 2026-03-31 18:02 (0h 2m from now) **
Setup power plan (GUID: 8c5e7fda-e8bf-4a96-9a85-a6e23a8c635c FriendlyName: High performance)
// **************************
// Benchmark: SortBenchmarks.ArraySort1_Medium: DefaultJob
// *** Execute ***
// Launch: 1 / 1
// Execute: dotnet 703ab8d2-ad20-4fed-8518-ab529465ad92.dll --anonymousPipes 1128 1112 --benchmarkName SortBenchmark.SortBenchmarks.ArraySort1_Medium --job Default --benchmarkId 4 in C:\directory-git\ktits-repository-3\SortBenchmark\bin\Release\net8.0\703ab8d2-ad20-4fed-8518-ab529465ad92\bin\Release\net8.0
// BeforeAnythingElse

// Benchmark Process Environment Information:
// BenchmarkDotNet v0.13.12
// Runtime=.NET 8.0.24 (8.0.2426.7010), X64 RyuJIT AVX2
// GC=Concurrent Workstation
// HardwareIntrinsics=AVX2,AES,BMI1,BMI2,FMA,LZCNT,PCLMUL,POPCNT VectorSize=256
// Job: DefaultJob

OverheadJitting  1: 1 op, 209200.00 ns, 209.2000 us/op
WorkloadJitting  1: 1 op, 643100.00 ns, 643.1000 us/op

OverheadJitting  2: 16 op, 434100.00 ns, 27.1313 us/op
WorkloadJitting  2: 16 op, 442700.00 ns, 27.6687 us/op

WorkloadPilot    1: 16 op, 13200.00 ns, 825.0000 ns/op
WorkloadPilot    2: 32 op, 19100.00 ns, 596.8750 ns/op
WorkloadPilot    3: 64 op, 44500.00 ns, 695.3125 ns/op
WorkloadPilot    4: 128 op, 75800.00 ns, 592.1875 ns/op
WorkloadPilot    5: 256 op, 144300.00 ns, 563.6719 ns/op
WorkloadPilot    6: 512 op, 260600.00 ns, 508.9844 ns/op
WorkloadPilot    7: 1024 op, 572200.00 ns, 558.7891 ns/op
WorkloadPilot    8: 2048 op, 1135300.00 ns, 554.3457 ns/op
WorkloadPilot    9: 4096 op, 2299900.00 ns, 561.4990 ns/op
WorkloadPilot   10: 8192 op, 4403700.00 ns, 537.5610 ns/op
WorkloadPilot   11: 16384 op, 9381400.00 ns, 572.5952 ns/op
WorkloadPilot   12: 32768 op, 17013200.00 ns, 519.2017 ns/op
WorkloadPilot   13: 65536 op, 36265400.00 ns, 553.3661 ns/op
WorkloadPilot   14: 131072 op, 67513000.00 ns, 515.0833 ns/op
WorkloadPilot   15: 262144 op, 115260200.00 ns, 439.6828 ns/op
WorkloadPilot   16: 524288 op, 231334500.00 ns, 441.2355 ns/op
WorkloadPilot   17: 1048576 op, 464362500.00 ns, 442.8506 ns/op
WorkloadPilot   18: 2097152 op, 923776300.00 ns, 440.4909 ns/op

OverheadWarmup   1: 2097152 op, 6634400.00 ns, 3.1635 ns/op
OverheadWarmup   2: 2097152 op, 7195100.00 ns, 3.4309 ns/op
OverheadWarmup   3: 2097152 op, 6663800.00 ns, 3.1775 ns/op
OverheadWarmup   4: 2097152 op, 6663200.00 ns, 3.1773 ns/op
OverheadWarmup   5: 2097152 op, 6591000.00 ns, 3.1428 ns/op
OverheadWarmup   6: 2097152 op, 7219500.00 ns, 3.4425 ns/op
OverheadWarmup   7: 2097152 op, 6615100.00 ns, 3.1543 ns/op

OverheadActual   1: 2097152 op, 7349500.00 ns, 3.5045 ns/op
OverheadActual   2: 2097152 op, 6591500.00 ns, 3.1431 ns/op
OverheadActual   3: 2097152 op, 6703100.00 ns, 3.1963 ns/op
OverheadActual   4: 2097152 op, 6571700.00 ns, 3.1336 ns/op
OverheadActual   5: 2097152 op, 8099800.00 ns, 3.8623 ns/op
OverheadActual   6: 2097152 op, 6719900.00 ns, 3.2043 ns/op
OverheadActual   7: 2097152 op, 6941300.00 ns, 3.3099 ns/op
OverheadActual   8: 2097152 op, 7390500.00 ns, 3.5241 ns/op
OverheadActual   9: 2097152 op, 6909600.00 ns, 3.2948 ns/op
OverheadActual  10: 2097152 op, 7165100.00 ns, 3.4166 ns/op
OverheadActual  11: 2097152 op, 6878700.00 ns, 3.2800 ns/op
OverheadActual  12: 2097152 op, 6654900.00 ns, 3.1733 ns/op
OverheadActual  13: 2097152 op, 6676700.00 ns, 3.1837 ns/op
OverheadActual  14: 2097152 op, 6823700.00 ns, 3.2538 ns/op
OverheadActual  15: 2097152 op, 6689000.00 ns, 3.1896 ns/op

WorkloadWarmup   1: 2097152 op, 980239900.00 ns, 467.4148 ns/op
WorkloadWarmup   2: 2097152 op, 930463100.00 ns, 443.6794 ns/op
WorkloadWarmup   3: 2097152 op, 948686200.00 ns, 452.3688 ns/op
WorkloadWarmup   4: 2097152 op, 940765800.00 ns, 448.5921 ns/op
WorkloadWarmup   5: 2097152 op, 954505700.00 ns, 455.1438 ns/op
WorkloadWarmup   6: 2097152 op, 922350500.00 ns, 439.8110 ns/op

// BeforeActualRun
WorkloadActual   1: 2097152 op, 918704800.00 ns, 438.0726 ns/op
WorkloadActual   2: 2097152 op, 943704900.00 ns, 449.9936 ns/op
WorkloadActual   3: 2097152 op, 932084800.00 ns, 444.4527 ns/op
WorkloadActual   4: 2097152 op, 938246900.00 ns, 447.3910 ns/op
WorkloadActual   5: 2097152 op, 945837400.00 ns, 451.0104 ns/op
WorkloadActual   6: 2097152 op, 942276800.00 ns, 449.3126 ns/op
WorkloadActual   7: 2097152 op, 939102400.00 ns, 447.7989 ns/op
WorkloadActual   8: 2097152 op, 938999000.00 ns, 447.7496 ns/op
WorkloadActual   9: 2097152 op, 940113100.00 ns, 448.2809 ns/op
WorkloadActual  10: 2097152 op, 928998700.00 ns, 442.9811 ns/op
WorkloadActual  11: 2097152 op, 937443500.00 ns, 447.0079 ns/op
WorkloadActual  12: 2097152 op, 926666100.00 ns, 441.8688 ns/op
WorkloadActual  13: 2097152 op, 938381900.00 ns, 447.4554 ns/op
WorkloadActual  14: 2097152 op, 931798000.00 ns, 444.3159 ns/op
WorkloadActual  15: 2097152 op, 941297500.00 ns, 448.8456 ns/op

// AfterActualRun
WorkloadResult   1: 2097152 op, 911881100.00 ns, 434.8188 ns/op
WorkloadResult   2: 2097152 op, 936881200.00 ns, 446.7398 ns/op
WorkloadResult   3: 2097152 op, 925261100.00 ns, 441.1989 ns/op
WorkloadResult   4: 2097152 op, 931423200.00 ns, 444.1372 ns/op
WorkloadResult   5: 2097152 op, 939013700.00 ns, 447.7566 ns/op
WorkloadResult   6: 2097152 op, 935453100.00 ns, 446.0588 ns/op
WorkloadResult   7: 2097152 op, 932278700.00 ns, 444.5451 ns/op
WorkloadResult   8: 2097152 op, 932175300.00 ns, 444.4958 ns/op
WorkloadResult   9: 2097152 op, 933289400.00 ns, 445.0271 ns/op
WorkloadResult  10: 2097152 op, 922175000.00 ns, 439.7273 ns/op
WorkloadResult  11: 2097152 op, 930619800.00 ns, 443.7541 ns/op
WorkloadResult  12: 2097152 op, 919842400.00 ns, 438.6150 ns/op
WorkloadResult  13: 2097152 op, 931558200.00 ns, 444.2016 ns/op
WorkloadResult  14: 2097152 op, 924974300.00 ns, 441.0621 ns/op
WorkloadResult  15: 2097152 op, 934473800.00 ns, 445.5918 ns/op
// GC:  114 0 0 956301712 2097152
// Threading:  0 0 2097152

// AfterAll
// Benchmark Process 14084 has exited with code 0.

Mean = 443.182 ns, StdErr = 0.895 ns (0.20%), N = 15, StdDev = 3.465 ns
Min = 434.819 ns, Q1 = 441.130 ns, Median = 444.202 ns, Q3 = 445.309 ns, Max = 447.757 ns
IQR = 4.179 ns, LowerFence = 434.862 ns, UpperFence = 451.578 ns
ConfidenceInterval = [439.478 ns; 446.886 ns] (CI 99.9%), Margin = 3.704 ns (0.84% of Mean)
Skewness = -0.88, Kurtosis = 2.88, MValue = 2

// ** Remained 7 (58.3%) benchmark(s) to run. Estimated finish 2026-03-31 18:02 (0h 2m from now) **
Setup power plan (GUID: 8c5e7fda-e8bf-4a96-9a85-a6e23a8c635c FriendlyName: High performance)
// **************************
// Benchmark: SortBenchmarks.ArraySort2_Medium: DefaultJob
// *** Execute ***
// Launch: 1 / 1
// Execute: dotnet 703ab8d2-ad20-4fed-8518-ab529465ad92.dll --anonymousPipes 648 1700 --benchmarkName SortBenchmark.SortBenchmarks.ArraySort2_Medium --job Default --benchmarkId 5 in C:\directory-git\ktits-repository-3\SortBenchmark\bin\Release\net8.0\703ab8d2-ad20-4fed-8518-ab529465ad92\bin\Release\net8.0
// BeforeAnythingElse

// Benchmark Process Environment Information:
// BenchmarkDotNet v0.13.12
// Runtime=.NET 8.0.24 (8.0.2426.7010), X64 RyuJIT AVX2
// GC=Concurrent Workstation
// HardwareIntrinsics=AVX2,AES,BMI1,BMI2,FMA,LZCNT,PCLMUL,POPCNT VectorSize=256
// Job: DefaultJob

OverheadJitting  1: 1 op, 227800.00 ns, 227.8000 us/op
WorkloadJitting  1: 1 op, 533900.00 ns, 533.9000 us/op

OverheadJitting  2: 16 op, 421500.00 ns, 26.3438 us/op
WorkloadJitting  2: 16 op, 1046200.00 ns, 65.3875 us/op

WorkloadPilot    1: 16 op, 299800.00 ns, 18.7375 us/op
WorkloadPilot    2: 32 op, 576600.00 ns, 18.0188 us/op
WorkloadPilot    3: 64 op, 971200.00 ns, 15.1750 us/op
WorkloadPilot    4: 128 op, 1802000.00 ns, 14.0781 us/op
WorkloadPilot    5: 256 op, 3462000.00 ns, 13.5234 us/op
WorkloadPilot    6: 512 op, 6824100.00 ns, 13.3283 us/op
WorkloadPilot    7: 1024 op, 13245100.00 ns, 12.9347 us/op
WorkloadPilot    8: 2048 op, 27404700.00 ns, 13.3812 us/op
WorkloadPilot    9: 4096 op, 53352700.00 ns, 13.0256 us/op
WorkloadPilot   10: 8192 op, 60319000.00 ns, 7.3632 us/op
WorkloadPilot   11: 16384 op, 78451100.00 ns, 4.7883 us/op
WorkloadPilot   12: 32768 op, 154786400.00 ns, 4.7237 us/op
WorkloadPilot   13: 65536 op, 306558800.00 ns, 4.6777 us/op
WorkloadPilot   14: 131072 op, 617001100.00 ns, 4.7073 us/op

OverheadWarmup   1: 131072 op, 407100.00 ns, 3.1059 ns/op
OverheadWarmup   2: 131072 op, 403600.00 ns, 3.0792 ns/op
OverheadWarmup   3: 131072 op, 407200.00 ns, 3.1067 ns/op
OverheadWarmup   4: 131072 op, 401400.00 ns, 3.0624 ns/op
OverheadWarmup   5: 131072 op, 403800.00 ns, 3.0807 ns/op
OverheadWarmup   6: 131072 op, 401500.00 ns, 3.0632 ns/op

OverheadActual   1: 131072 op, 403800.00 ns, 3.0807 ns/op
OverheadActual   2: 131072 op, 410000.00 ns, 3.1281 ns/op
OverheadActual   3: 131072 op, 406500.00 ns, 3.1013 ns/op
OverheadActual   4: 131072 op, 401500.00 ns, 3.0632 ns/op
OverheadActual   5: 131072 op, 484600.00 ns, 3.6972 ns/op
OverheadActual   6: 131072 op, 406200.00 ns, 3.0991 ns/op
OverheadActual   7: 131072 op, 403600.00 ns, 3.0792 ns/op
OverheadActual   8: 131072 op, 403600.00 ns, 3.0792 ns/op
OverheadActual   9: 131072 op, 403600.00 ns, 3.0792 ns/op
OverheadActual  10: 131072 op, 406100.00 ns, 3.0983 ns/op
OverheadActual  11: 131072 op, 406000.00 ns, 3.0975 ns/op
OverheadActual  12: 131072 op, 406000.00 ns, 3.0975 ns/op
OverheadActual  13: 131072 op, 406100.00 ns, 3.0983 ns/op
OverheadActual  14: 131072 op, 407600.00 ns, 3.1097 ns/op
OverheadActual  15: 131072 op, 408900.00 ns, 3.1197 ns/op

WorkloadWarmup   1: 131072 op, 612884800.00 ns, 4.6759 us/op
WorkloadWarmup   2: 131072 op, 651024900.00 ns, 4.9669 us/op
WorkloadWarmup   3: 131072 op, 618946600.00 ns, 4.7222 us/op
WorkloadWarmup   4: 131072 op, 610478300.00 ns, 4.6576 us/op
WorkloadWarmup   5: 131072 op, 660036000.00 ns, 5.0357 us/op
WorkloadWarmup   6: 131072 op, 610772200.00 ns, 4.6598 us/op

// BeforeActualRun
WorkloadActual   1: 131072 op, 614882200.00 ns, 4.6912 us/op
WorkloadActual   2: 131072 op, 614716500.00 ns, 4.6899 us/op
WorkloadActual   3: 131072 op, 638093900.00 ns, 4.8683 us/op
WorkloadActual   4: 131072 op, 633612100.00 ns, 4.8341 us/op
WorkloadActual   5: 131072 op, 617132100.00 ns, 4.7083 us/op
WorkloadActual   6: 131072 op, 608121000.00 ns, 4.6396 us/op
WorkloadActual   7: 131072 op, 631257500.00 ns, 4.8161 us/op
WorkloadActual   8: 131072 op, 637092600.00 ns, 4.8606 us/op
WorkloadActual   9: 131072 op, 615014900.00 ns, 4.6922 us/op
WorkloadActual  10: 131072 op, 609148200.00 ns, 4.6474 us/op
WorkloadActual  11: 131072 op, 634430500.00 ns, 4.8403 us/op
WorkloadActual  12: 131072 op, 647084400.00 ns, 4.9369 us/op
WorkloadActual  13: 131072 op, 613242600.00 ns, 4.6787 us/op
WorkloadActual  14: 131072 op, 613254000.00 ns, 4.6788 us/op
WorkloadActual  15: 131072 op, 632353600.00 ns, 4.8245 us/op
WorkloadActual  16: 131072 op, 612502400.00 ns, 4.6730 us/op
WorkloadActual  17: 131072 op, 632124900.00 ns, 4.8227 us/op

// AfterActualRun
WorkloadResult   1: 131072 op, 614476100.00 ns, 4.6881 us/op
WorkloadResult   2: 131072 op, 614310400.00 ns, 4.6868 us/op
WorkloadResult   3: 131072 op, 637687800.00 ns, 4.8652 us/op
WorkloadResult   4: 131072 op, 633206000.00 ns, 4.8310 us/op
WorkloadResult   5: 131072 op, 616726000.00 ns, 4.7052 us/op
WorkloadResult   6: 131072 op, 607714900.00 ns, 4.6365 us/op
WorkloadResult   7: 131072 op, 630851400.00 ns, 4.8130 us/op
WorkloadResult   8: 131072 op, 636686500.00 ns, 4.8575 us/op
WorkloadResult   9: 131072 op, 614608800.00 ns, 4.6891 us/op
WorkloadResult  10: 131072 op, 608742100.00 ns, 4.6443 us/op
WorkloadResult  11: 131072 op, 634024400.00 ns, 4.8372 us/op
WorkloadResult  12: 131072 op, 646678300.00 ns, 4.9338 us/op
WorkloadResult  13: 131072 op, 612836500.00 ns, 4.6756 us/op
WorkloadResult  14: 131072 op, 612847900.00 ns, 4.6757 us/op
WorkloadResult  15: 131072 op, 631947500.00 ns, 4.8214 us/op
WorkloadResult  16: 131072 op, 612096300.00 ns, 4.6699 us/op
WorkloadResult  17: 131072 op, 631718800.00 ns, 4.8196 us/op
// GC:  7 0 0 59769232 131072
// Threading:  0 0 131072

// AfterAll
// Benchmark Process 11548 has exited with code 0.

Mean = 4.756 μs, StdErr = 0.023 μs (0.48%), N = 17, StdDev = 0.094 μs
Min = 4.636 μs, Q1 = 4.676 μs, Median = 4.705 μs, Q3 = 4.831 μs, Max = 4.934 μs
IQR = 0.155 μs, LowerFence = 4.443 μs, UpperFence = 5.064 μs
ConfidenceInterval = [4.664 μs; 4.847 μs] (CI 99.9%), Margin = 0.091 μs (1.92% of Mean)
Skewness = 0.27, Kurtosis = 1.46, MValue = 2

// ** Remained 6 (50.0%) benchmark(s) to run. Estimated finish 2026-03-31 18:01 (0h 2m from now) **
Setup power plan (GUID: 8c5e7fda-e8bf-4a96-9a85-a6e23a8c635c FriendlyName: High performance)
// **************************
// Benchmark: SortBenchmarks.ArraySort3_Medium: DefaultJob
// *** Execute ***
// Launch: 1 / 1
// Execute: dotnet 703ab8d2-ad20-4fed-8518-ab529465ad92.dll --anonymousPipes 1704 1520 --benchmarkName SortBenchmark.SortBenchmarks.ArraySort3_Medium --job Default --benchmarkId 6 in C:\directory-git\ktits-repository-3\SortBenchmark\bin\Release\net8.0\703ab8d2-ad20-4fed-8518-ab529465ad92\bin\Release\net8.0
// BeforeAnythingElse

// Benchmark Process Environment Information:
// BenchmarkDotNet v0.13.12
// Runtime=.NET 8.0.24 (8.0.2426.7010), X64 RyuJIT AVX2
// GC=Concurrent Workstation
// HardwareIntrinsics=AVX2,AES,BMI1,BMI2,FMA,LZCNT,PCLMUL,POPCNT VectorSize=256
// Job: DefaultJob

OverheadJitting  1: 1 op, 670500.00 ns, 670.5000 us/op
WorkloadJitting  1: 1 op, 562100.00 ns, 562.1000 us/op

OverheadJitting  2: 16 op, 434700.00 ns, 27.1687 us/op
WorkloadJitting  2: 16 op, 546300.00 ns, 34.1437 us/op

WorkloadPilot    1: 16 op, 166600.00 ns, 10.4125 us/op
WorkloadPilot    2: 32 op, 377100.00 ns, 11.7844 us/op
WorkloadPilot    3: 64 op, 517700.00 ns, 8.0891 us/op
WorkloadPilot    4: 128 op, 945800.00 ns, 7.3891 us/op
WorkloadPilot    5: 256 op, 1587700.00 ns, 6.2020 us/op
WorkloadPilot    6: 512 op, 2777200.00 ns, 5.4242 us/op
WorkloadPilot    7: 1024 op, 5254400.00 ns, 5.1312 us/op
WorkloadPilot    8: 2048 op, 9981900.00 ns, 4.8740 us/op
WorkloadPilot    9: 4096 op, 19590000.00 ns, 4.7827 us/op
WorkloadPilot   10: 8192 op, 38678400.00 ns, 4.7215 us/op
WorkloadPilot   11: 16384 op, 54336200.00 ns, 3.3164 us/op
WorkloadPilot   12: 32768 op, 28989300.00 ns, 884.6832 ns/op
WorkloadPilot   13: 65536 op, 63528300.00 ns, 969.3649 ns/op
WorkloadPilot   14: 131072 op, 113708400.00 ns, 867.5262 ns/op
WorkloadPilot   15: 262144 op, 225082100.00 ns, 858.6201 ns/op
WorkloadPilot   16: 524288 op, 442238800.00 ns, 843.5036 ns/op
WorkloadPilot   17: 1048576 op, 891512900.00 ns, 850.2130 ns/op

OverheadWarmup   1: 1048576 op, 3258900.00 ns, 3.1079 ns/op
OverheadWarmup   2: 1048576 op, 3356400.00 ns, 3.2009 ns/op
OverheadWarmup   3: 1048576 op, 3315400.00 ns, 3.1618 ns/op
OverheadWarmup   4: 1048576 op, 3265100.00 ns, 3.1138 ns/op
OverheadWarmup   5: 1048576 op, 3278900.00 ns, 3.1270 ns/op
OverheadWarmup   6: 1048576 op, 3417800.00 ns, 3.2595 ns/op
OverheadWarmup   7: 1048576 op, 3315100.00 ns, 3.1615 ns/op

OverheadActual   1: 1048576 op, 3245900.00 ns, 3.0955 ns/op
OverheadActual   2: 1048576 op, 3329500.00 ns, 3.1753 ns/op
OverheadActual   3: 1048576 op, 3300500.00 ns, 3.1476 ns/op
OverheadActual   4: 1048576 op, 3258800.00 ns, 3.1078 ns/op
OverheadActual   5: 1048576 op, 3335000.00 ns, 3.1805 ns/op
OverheadActual   6: 1048576 op, 3271300.00 ns, 3.1198 ns/op
OverheadActual   7: 1048576 op, 3306900.00 ns, 3.1537 ns/op
OverheadActual   8: 1048576 op, 3264000.00 ns, 3.1128 ns/op
OverheadActual   9: 1048576 op, 3417800.00 ns, 3.2595 ns/op
OverheadActual  10: 1048576 op, 3285000.00 ns, 3.1328 ns/op
OverheadActual  11: 1048576 op, 3559300.00 ns, 3.3944 ns/op
OverheadActual  12: 1048576 op, 3329300.00 ns, 3.1751 ns/op
OverheadActual  13: 1048576 op, 3475900.00 ns, 3.3149 ns/op
OverheadActual  14: 1048576 op, 3434200.00 ns, 3.2751 ns/op
OverheadActual  15: 1048576 op, 3299000.00 ns, 3.1462 ns/op

WorkloadWarmup   1: 1048576 op, 901561600.00 ns, 859.7961 ns/op
WorkloadWarmup   2: 1048576 op, 898791800.00 ns, 857.1547 ns/op
WorkloadWarmup   3: 1048576 op, 872771800.00 ns, 832.3400 ns/op
WorkloadWarmup   4: 1048576 op, 874757300.00 ns, 834.2336 ns/op
WorkloadWarmup   5: 1048576 op, 878883000.00 ns, 838.1681 ns/op
WorkloadWarmup   6: 1048576 op, 870011200.00 ns, 829.7073 ns/op
WorkloadWarmup   7: 1048576 op, 877799400.00 ns, 837.1347 ns/op
WorkloadWarmup   8: 1048576 op, 874546900.00 ns, 834.0329 ns/op

// BeforeActualRun
WorkloadActual   1: 1048576 op, 868596700.00 ns, 828.3584 ns/op
WorkloadActual   2: 1048576 op, 883832800.00 ns, 842.8886 ns/op
WorkloadActual   3: 1048576 op, 888469200.00 ns, 847.3103 ns/op
WorkloadActual   4: 1048576 op, 877811500.00 ns, 837.1463 ns/op
WorkloadActual   5: 1048576 op, 871374200.00 ns, 831.0072 ns/op
WorkloadActual   6: 1048576 op, 866840100.00 ns, 826.6831 ns/op
WorkloadActual   7: 1048576 op, 874345600.00 ns, 833.8409 ns/op
WorkloadActual   8: 1048576 op, 873555500.00 ns, 833.0874 ns/op
WorkloadActual   9: 1048576 op, 880883700.00 ns, 840.0762 ns/op
WorkloadActual  10: 1048576 op, 900759600.00 ns, 859.0313 ns/op
WorkloadActual  11: 1048576 op, 932711700.00 ns, 889.5032 ns/op
WorkloadActual  12: 1048576 op, 886835700.00 ns, 845.7524 ns/op
WorkloadActual  13: 1048576 op, 875021900.00 ns, 834.4859 ns/op
WorkloadActual  14: 1048576 op, 891850800.00 ns, 850.5352 ns/op
WorkloadActual  15: 1048576 op, 869902100.00 ns, 829.6033 ns/op

// AfterActualRun
WorkloadResult   1: 1048576 op, 865289800.00 ns, 825.2047 ns/op
WorkloadResult   2: 1048576 op, 880525900.00 ns, 839.7349 ns/op
WorkloadResult   3: 1048576 op, 885162300.00 ns, 844.1566 ns/op
WorkloadResult   4: 1048576 op, 874504600.00 ns, 833.9926 ns/op
WorkloadResult   5: 1048576 op, 868067300.00 ns, 827.8535 ns/op
WorkloadResult   6: 1048576 op, 863533200.00 ns, 823.5294 ns/op
WorkloadResult   7: 1048576 op, 871038700.00 ns, 830.6872 ns/op
WorkloadResult   8: 1048576 op, 870248600.00 ns, 829.9337 ns/op
WorkloadResult   9: 1048576 op, 877576800.00 ns, 836.9225 ns/op
WorkloadResult  10: 1048576 op, 897452700.00 ns, 855.8776 ns/op
WorkloadResult  11: 1048576 op, 883528800.00 ns, 842.5987 ns/op
WorkloadResult  12: 1048576 op, 871715000.00 ns, 831.3322 ns/op
WorkloadResult  13: 1048576 op, 888543900.00 ns, 847.3815 ns/op
WorkloadResult  14: 1048576 op, 866595200.00 ns, 826.4496 ns/op
// GC:  57 0 0 478151056 1048576
// Threading:  0 0 1048576

// AfterAll
// Benchmark Process 21652 has exited with code 0.

Mean = 835.404 ns, StdErr = 2.530 ns (0.30%), N = 14, StdDev = 9.467 ns
Min = 823.529 ns, Q1 = 828.374 ns, Median = 832.662 ns, Q3 = 841.883 ns, Max = 855.878 ns
IQR = 13.509 ns, LowerFence = 808.110 ns, UpperFence = 862.147 ns
ConfidenceInterval = [824.725 ns; 846.083 ns] (CI 99.9%), Margin = 10.679 ns (1.28% of Mean)
Skewness = 0.61, Kurtosis = 2.2, MValue = 2

// ** Remained 5 (41.7%) benchmark(s) to run. Estimated finish 2026-03-31 18:01 (0h 1m from now) **
Setup power plan (GUID: 8c5e7fda-e8bf-4a96-9a85-a6e23a8c635c FriendlyName: High performance)
// **************************
// Benchmark: SortBenchmarks.ArraySort4_Medium: DefaultJob
// *** Execute ***
// Launch: 1 / 1
// Execute: dotnet 703ab8d2-ad20-4fed-8518-ab529465ad92.dll --anonymousPipes 1836 1832 --benchmarkName SortBenchmark.SortBenchmarks.ArraySort4_Medium --job Default --benchmarkId 7 in C:\directory-git\ktits-repository-3\SortBenchmark\bin\Release\net8.0\703ab8d2-ad20-4fed-8518-ab529465ad92\bin\Release\net8.0
// BeforeAnythingElse

// Benchmark Process Environment Information:
// BenchmarkDotNet v0.13.12
// Runtime=.NET 8.0.24 (8.0.2426.7010), X64 RyuJIT AVX2
// GC=Concurrent Workstation
// HardwareIntrinsics=AVX2,AES,BMI1,BMI2,FMA,LZCNT,PCLMUL,POPCNT VectorSize=256
// Job: DefaultJob

OverheadJitting  1: 1 op, 283400.00 ns, 283.4000 us/op
WorkloadJitting  1: 1 op, 601000.00 ns, 601.0000 us/op

OverheadJitting  2: 16 op, 406600.00 ns, 25.4125 us/op
WorkloadJitting  2: 16 op, 580600.00 ns, 36.2875 us/op

WorkloadPilot    1: 16 op, 224700.00 ns, 14.0437 us/op
WorkloadPilot    2: 32 op, 496700.00 ns, 15.5219 us/op
WorkloadPilot    3: 64 op, 899300.00 ns, 14.0516 us/op
WorkloadPilot    4: 128 op, 1707000.00 ns, 13.3359 us/op
WorkloadPilot    5: 256 op, 2951100.00 ns, 11.5277 us/op
WorkloadPilot    6: 512 op, 5317500.00 ns, 10.3857 us/op
WorkloadPilot    7: 1024 op, 10036000.00 ns, 9.8008 us/op
WorkloadPilot    8: 2048 op, 19537100.00 ns, 9.5396 us/op
WorkloadPilot    9: 4096 op, 38766900.00 ns, 9.4646 us/op
WorkloadPilot   10: 8192 op, 61648200.00 ns, 7.5254 us/op
WorkloadPilot   11: 16384 op, 30104700.00 ns, 1.8374 us/op
WorkloadPilot   12: 32768 op, 58129200.00 ns, 1.7740 us/op
WorkloadPilot   13: 65536 op, 114504000.00 ns, 1.7472 us/op
WorkloadPilot   14: 131072 op, 227406700.00 ns, 1.7350 us/op
WorkloadPilot   15: 262144 op, 459833100.00 ns, 1.7541 us/op
WorkloadPilot   16: 524288 op, 922534400.00 ns, 1.7596 us/op

OverheadWarmup   1: 524288 op, 1868300.00 ns, 3.5635 ns/op
OverheadWarmup   2: 524288 op, 1864800.00 ns, 3.5568 ns/op
OverheadWarmup   3: 524288 op, 1908900.00 ns, 3.6409 ns/op
OverheadWarmup   4: 524288 op, 1632700.00 ns, 3.1141 ns/op
OverheadWarmup   5: 524288 op, 1632600.00 ns, 3.1139 ns/op
OverheadWarmup   6: 524288 op, 1656400.00 ns, 3.1593 ns/op
OverheadWarmup   7: 524288 op, 1637900.00 ns, 3.1240 ns/op

OverheadActual   1: 524288 op, 1632700.00 ns, 3.1141 ns/op
OverheadActual   2: 524288 op, 1968500.00 ns, 3.7546 ns/op
OverheadActual   3: 524288 op, 1641500.00 ns, 3.1309 ns/op
OverheadActual   4: 524288 op, 2279400.00 ns, 4.3476 ns/op
OverheadActual   5: 524288 op, 1631300.00 ns, 3.1115 ns/op
OverheadActual   6: 524288 op, 1827900.00 ns, 3.4864 ns/op
OverheadActual   7: 524288 op, 2049700.00 ns, 3.9095 ns/op
OverheadActual   8: 524288 op, 2173000.00 ns, 4.1447 ns/op
OverheadActual   9: 524288 op, 1793800.00 ns, 3.4214 ns/op
OverheadActual  10: 524288 op, 2291900.00 ns, 4.3715 ns/op
OverheadActual  11: 524288 op, 1748600.00 ns, 3.3352 ns/op
OverheadActual  12: 524288 op, 1663400.00 ns, 3.1727 ns/op
OverheadActual  13: 524288 op, 1674300.00 ns, 3.1935 ns/op
OverheadActual  14: 524288 op, 1884100.00 ns, 3.5936 ns/op
OverheadActual  15: 524288 op, 1851900.00 ns, 3.5322 ns/op
OverheadActual  16: 524288 op, 1688400.00 ns, 3.2204 ns/op
OverheadActual  17: 524288 op, 1733400.00 ns, 3.3062 ns/op
OverheadActual  18: 524288 op, 1821800.00 ns, 3.4748 ns/op
OverheadActual  19: 524288 op, 1834600.00 ns, 3.4992 ns/op
OverheadActual  20: 524288 op, 1642800.00 ns, 3.1334 ns/op

WorkloadWarmup   1: 524288 op, 976323700.00 ns, 1.8622 us/op
WorkloadWarmup   2: 524288 op, 931677500.00 ns, 1.7770 us/op
WorkloadWarmup   3: 524288 op, 920993200.00 ns, 1.7567 us/op
WorkloadWarmup   4: 524288 op, 916896200.00 ns, 1.7488 us/op
WorkloadWarmup   5: 524288 op, 929605600.00 ns, 1.7731 us/op
WorkloadWarmup   6: 524288 op, 913937600.00 ns, 1.7432 us/op
WorkloadWarmup   7: 524288 op, 924363600.00 ns, 1.7631 us/op
WorkloadWarmup   8: 524288 op, 921510900.00 ns, 1.7576 us/op

// BeforeActualRun
WorkloadActual   1: 524288 op, 917350000.00 ns, 1.7497 us/op
WorkloadActual   2: 524288 op, 922681900.00 ns, 1.7599 us/op
WorkloadActual   3: 524288 op, 920434900.00 ns, 1.7556 us/op
WorkloadActual   4: 524288 op, 923684600.00 ns, 1.7618 us/op
WorkloadActual   5: 524288 op, 936201000.00 ns, 1.7857 us/op
WorkloadActual   6: 524288 op, 938225700.00 ns, 1.7895 us/op
WorkloadActual   7: 524288 op, 925335000.00 ns, 1.7649 us/op
WorkloadActual   8: 524288 op, 924389400.00 ns, 1.7631 us/op
WorkloadActual   9: 524288 op, 949108000.00 ns, 1.8103 us/op
WorkloadActual  10: 524288 op, 970775700.00 ns, 1.8516 us/op
WorkloadActual  11: 524288 op, 939576600.00 ns, 1.7921 us/op
WorkloadActual  12: 524288 op, 928514800.00 ns, 1.7710 us/op
WorkloadActual  13: 524288 op, 923989700.00 ns, 1.7624 us/op
WorkloadActual  14: 524288 op, 921153300.00 ns, 1.7570 us/op
WorkloadActual  15: 524288 op, 920751200.00 ns, 1.7562 us/op

// AfterActualRun
WorkloadResult   1: 524288 op, 915542200.00 ns, 1.7463 us/op
WorkloadResult   2: 524288 op, 920874100.00 ns, 1.7564 us/op
WorkloadResult   3: 524288 op, 918627100.00 ns, 1.7521 us/op
WorkloadResult   4: 524288 op, 921876800.00 ns, 1.7583 us/op
WorkloadResult   5: 524288 op, 934393200.00 ns, 1.7822 us/op
WorkloadResult   6: 524288 op, 936417900.00 ns, 1.7861 us/op
WorkloadResult   7: 524288 op, 923527200.00 ns, 1.7615 us/op
WorkloadResult   8: 524288 op, 922581600.00 ns, 1.7597 us/op
WorkloadResult   9: 524288 op, 947300200.00 ns, 1.8068 us/op
WorkloadResult  10: 524288 op, 937768800.00 ns, 1.7887 us/op
WorkloadResult  11: 524288 op, 926707000.00 ns, 1.7676 us/op
WorkloadResult  12: 524288 op, 922181900.00 ns, 1.7589 us/op
WorkloadResult  13: 524288 op, 919345500.00 ns, 1.7535 us/op
WorkloadResult  14: 524288 op, 918943400.00 ns, 1.7527 us/op
// GC:  55 0 0 461373840 524288
// Threading:  0 0 524288

// AfterAll
// Benchmark Process 1968 has exited with code 0.

Mean = 1.766 μs, StdErr = 0.005 μs (0.27%), N = 14, StdDev = 0.018 μs
Min = 1.746 μs, Q1 = 1.754 μs, Median = 1.759 μs, Q3 = 1.779 μs, Max = 1.807 μs
IQR = 0.024 μs, LowerFence = 1.718 μs, UpperFence = 1.815 μs
ConfidenceInterval = [1.747 μs; 1.786 μs] (CI 99.9%), Margin = 0.020 μs (1.12% of Mean)
Skewness = 0.91, Kurtosis = 2.54, MValue = 2

// ** Remained 4 (33.3%) benchmark(s) to run. Estimated finish 2026-03-31 18:01 (0h 1m from now) **
Setup power plan (GUID: 8c5e7fda-e8bf-4a96-9a85-a6e23a8c635c FriendlyName: High performance)
// **************************
// Benchmark: SortBenchmarks.ArraySort1_Small: DefaultJob
// *** Execute ***
// Launch: 1 / 1
// Execute: dotnet 703ab8d2-ad20-4fed-8518-ab529465ad92.dll --anonymousPipes 1872 1860 --benchmarkName SortBenchmark.SortBenchmarks.ArraySort1_Small --job Default --benchmarkId 8 in C:\directory-git\ktits-repository-3\SortBenchmark\bin\Release\net8.0\703ab8d2-ad20-4fed-8518-ab529465ad92\bin\Release\net8.0
// BeforeAnythingElse

// Benchmark Process Environment Information:
// BenchmarkDotNet v0.13.12
// Runtime=.NET 8.0.24 (8.0.2426.7010), X64 RyuJIT AVX2
// GC=Concurrent Workstation
// HardwareIntrinsics=AVX2,AES,BMI1,BMI2,FMA,LZCNT,PCLMUL,POPCNT VectorSize=256
// Job: DefaultJob

OverheadJitting  1: 1 op, 274500.00 ns, 274.5000 us/op
WorkloadJitting  1: 1 op, 491500.00 ns, 491.5000 us/op

OverheadJitting  2: 16 op, 406900.00 ns, 25.4312 us/op
WorkloadJitting  2: 16 op, 412200.00 ns, 25.7625 us/op

WorkloadPilot    1: 16 op, 3900.00 ns, 243.7500 ns/op
WorkloadPilot    2: 32 op, 4700.00 ns, 146.8750 ns/op
WorkloadPilot    3: 64 op, 5700.00 ns, 89.0625 ns/op
WorkloadPilot    4: 128 op, 10100.00 ns, 78.9062 ns/op
WorkloadPilot    5: 256 op, 17500.00 ns, 68.3594 ns/op
WorkloadPilot    6: 512 op, 35400.00 ns, 69.1406 ns/op
WorkloadPilot    7: 1024 op, 112200.00 ns, 109.5703 ns/op
WorkloadPilot    8: 2048 op, 173200.00 ns, 84.5703 ns/op
WorkloadPilot    9: 4096 op, 320800.00 ns, 78.3203 ns/op
WorkloadPilot   10: 8192 op, 718100.00 ns, 87.6587 ns/op
WorkloadPilot   11: 16384 op, 1659700.00 ns, 101.3000 ns/op
WorkloadPilot   12: 32768 op, 2978000.00 ns, 90.8813 ns/op
WorkloadPilot   13: 65536 op, 5649400.00 ns, 86.2030 ns/op
WorkloadPilot   14: 131072 op, 10382000.00 ns, 79.2084 ns/op
WorkloadPilot   15: 262144 op, 18571000.00 ns, 70.8427 ns/op
WorkloadPilot   16: 524288 op, 36698400.00 ns, 69.9966 ns/op
WorkloadPilot   17: 1048576 op, 75748200.00 ns, 72.2391 ns/op
WorkloadPilot   18: 2097152 op, 98667000.00 ns, 47.0481 ns/op
WorkloadPilot   19: 4194304 op, 194951900.00 ns, 46.4802 ns/op
WorkloadPilot   20: 8388608 op, 394061400.00 ns, 46.9758 ns/op
WorkloadPilot   21: 16777216 op, 797793800.00 ns, 47.5522 ns/op

OverheadWarmup   1: 16777216 op, 53472600.00 ns, 3.1872 ns/op
OverheadWarmup   2: 16777216 op, 53203200.00 ns, 3.1712 ns/op
OverheadWarmup   3: 16777216 op, 53410200.00 ns, 3.1835 ns/op
OverheadWarmup   4: 16777216 op, 57706400.00 ns, 3.4396 ns/op
OverheadWarmup   5: 16777216 op, 44201200.00 ns, 2.6346 ns/op
OverheadWarmup   6: 16777216 op, 44259600.00 ns, 2.6381 ns/op
OverheadWarmup   7: 16777216 op, 46573600.00 ns, 2.7760 ns/op
OverheadWarmup   8: 16777216 op, 44211600.00 ns, 2.6352 ns/op

OverheadActual   1: 16777216 op, 44540600.00 ns, 2.6548 ns/op
OverheadActual   2: 16777216 op, 44499400.00 ns, 2.6524 ns/op
OverheadActual   3: 16777216 op, 44636900.00 ns, 2.6606 ns/op
OverheadActual   4: 16777216 op, 44476100.00 ns, 2.6510 ns/op
OverheadActual   5: 16777216 op, 44710700.00 ns, 2.6650 ns/op
OverheadActual   6: 16777216 op, 45158000.00 ns, 2.6916 ns/op
OverheadActual   7: 16777216 op, 44906800.00 ns, 2.6767 ns/op
OverheadActual   8: 16777216 op, 44874600.00 ns, 2.6747 ns/op
OverheadActual   9: 16777216 op, 44757400.00 ns, 2.6677 ns/op
OverheadActual  10: 16777216 op, 45208100.00 ns, 2.6946 ns/op
OverheadActual  11: 16777216 op, 44908200.00 ns, 2.6767 ns/op
OverheadActual  12: 16777216 op, 44342700.00 ns, 2.6430 ns/op
OverheadActual  13: 16777216 op, 44497600.00 ns, 2.6523 ns/op
OverheadActual  14: 16777216 op, 44291300.00 ns, 2.6400 ns/op
OverheadActual  15: 16777216 op, 44177100.00 ns, 2.6332 ns/op

WorkloadWarmup   1: 16777216 op, 805288100.00 ns, 47.9989 ns/op
WorkloadWarmup   2: 16777216 op, 781019600.00 ns, 46.5524 ns/op
WorkloadWarmup   3: 16777216 op, 777536400.00 ns, 46.3448 ns/op
WorkloadWarmup   4: 16777216 op, 784731900.00 ns, 46.7737 ns/op
WorkloadWarmup   5: 16777216 op, 774192700.00 ns, 46.1455 ns/op
WorkloadWarmup   6: 16777216 op, 773619400.00 ns, 46.1113 ns/op
WorkloadWarmup   7: 16777216 op, 796928000.00 ns, 47.5006 ns/op
WorkloadWarmup   8: 16777216 op, 769718900.00 ns, 45.8788 ns/op

// BeforeActualRun
WorkloadActual   1: 16777216 op, 786858700.00 ns, 46.9004 ns/op
WorkloadActual   2: 16777216 op, 814010900.00 ns, 48.5188 ns/op
WorkloadActual   3: 16777216 op, 795813300.00 ns, 47.4342 ns/op
WorkloadActual   4: 16777216 op, 801004400.00 ns, 47.7436 ns/op
WorkloadActual   5: 16777216 op, 798250600.00 ns, 47.5794 ns/op
WorkloadActual   6: 16777216 op, 794874400.00 ns, 47.3782 ns/op
WorkloadActual   7: 16777216 op, 808480600.00 ns, 48.1892 ns/op
WorkloadActual   8: 16777216 op, 790416700.00 ns, 47.1125 ns/op
WorkloadActual   9: 16777216 op, 796358800.00 ns, 47.4667 ns/op
WorkloadActual  10: 16777216 op, 808512600.00 ns, 48.1911 ns/op
WorkloadActual  11: 16777216 op, 798167700.00 ns, 47.5745 ns/op
WorkloadActual  12: 16777216 op, 833668600.00 ns, 49.6905 ns/op
WorkloadActual  13: 16777216 op, 803008200.00 ns, 47.8630 ns/op
WorkloadActual  14: 16777216 op, 855386500.00 ns, 50.9850 ns/op
WorkloadActual  15: 16777216 op, 815352600.00 ns, 48.5988 ns/op

// AfterActualRun
WorkloadResult   1: 16777216 op, 742221800.00 ns, 44.2399 ns/op
WorkloadResult   2: 16777216 op, 769374000.00 ns, 45.8583 ns/op
WorkloadResult   3: 16777216 op, 751176400.00 ns, 44.7736 ns/op
WorkloadResult   4: 16777216 op, 756367500.00 ns, 45.0830 ns/op
WorkloadResult   5: 16777216 op, 753613700.00 ns, 44.9189 ns/op
WorkloadResult   6: 16777216 op, 750237500.00 ns, 44.7176 ns/op
WorkloadResult   7: 16777216 op, 763843700.00 ns, 45.5286 ns/op
WorkloadResult   8: 16777216 op, 745779800.00 ns, 44.4519 ns/op
WorkloadResult   9: 16777216 op, 751721900.00 ns, 44.8061 ns/op
WorkloadResult  10: 16777216 op, 763875700.00 ns, 45.5305 ns/op
WorkloadResult  11: 16777216 op, 753530800.00 ns, 44.9139 ns/op
WorkloadResult  12: 16777216 op, 789031700.00 ns, 47.0300 ns/op
WorkloadResult  13: 16777216 op, 758371300.00 ns, 45.2025 ns/op
WorkloadResult  14: 16777216 op, 770715700.00 ns, 45.9382 ns/op
// GC:  192 0 0 1610613136 16777216
// Threading:  0 0 16777216

// AfterAll
// Benchmark Process 3420 has exited with code 0.

Mean = 45.214 ns, StdErr = 0.193 ns (0.43%), N = 14, StdDev = 0.721 ns
Min = 44.240 ns, Q1 = 44.782 ns, Median = 45.001 ns, Q3 = 45.530 ns, Max = 47.030 ns
IQR = 0.748 ns, LowerFence = 43.659 ns, UpperFence = 46.653 ns
ConfidenceInterval = [44.400 ns; 46.028 ns] (CI 99.9%), Margin = 0.814 ns (1.80% of Mean)
Skewness = 0.95, Kurtosis = 3.35, MValue = 2

// ** Remained 3 (25.0%) benchmark(s) to run. Estimated finish 2026-03-31 18:01 (0h 1m from now) **
Setup power plan (GUID: 8c5e7fda-e8bf-4a96-9a85-a6e23a8c635c FriendlyName: High performance)
// **************************
// Benchmark: SortBenchmarks.ArraySort2_Small: DefaultJob
// *** Execute ***
// Launch: 1 / 1
// Execute: dotnet 703ab8d2-ad20-4fed-8518-ab529465ad92.dll --anonymousPipes 1520 1528 --benchmarkName SortBenchmark.SortBenchmarks.ArraySort2_Small --job Default --benchmarkId 9 in C:\directory-git\ktits-repository-3\SortBenchmark\bin\Release\net8.0\703ab8d2-ad20-4fed-8518-ab529465ad92\bin\Release\net8.0
// BeforeAnythingElse

// Benchmark Process Environment Information:
// BenchmarkDotNet v0.13.12
// Runtime=.NET 8.0.24 (8.0.2426.7010), X64 RyuJIT AVX2
// GC=Concurrent Workstation
// HardwareIntrinsics=AVX2,AES,BMI1,BMI2,FMA,LZCNT,PCLMUL,POPCNT VectorSize=256
// Job: DefaultJob

OverheadJitting  1: 1 op, 215400.00 ns, 215.4000 us/op
WorkloadJitting  1: 1 op, 484700.00 ns, 484.7000 us/op

OverheadJitting  2: 16 op, 410000.00 ns, 25.6250 us/op
WorkloadJitting  2: 16 op, 416800.00 ns, 26.0500 us/op

WorkloadPilot    1: 16 op, 8400.00 ns, 525.0000 ns/op
WorkloadPilot    2: 32 op, 13100.00 ns, 409.3750 ns/op
WorkloadPilot    3: 64 op, 23000.00 ns, 359.3750 ns/op
WorkloadPilot    4: 128 op, 73400.00 ns, 573.4375 ns/op
WorkloadPilot    5: 256 op, 171000.00 ns, 667.9688 ns/op
WorkloadPilot    6: 512 op, 312500.00 ns, 610.3516 ns/op
WorkloadPilot    7: 1024 op, 553900.00 ns, 540.9180 ns/op
WorkloadPilot    8: 2048 op, 966800.00 ns, 472.0703 ns/op
WorkloadPilot    9: 4096 op, 1673700.00 ns, 408.6182 ns/op
WorkloadPilot   10: 8192 op, 4203300.00 ns, 513.0981 ns/op
WorkloadPilot   11: 16384 op, 6431100.00 ns, 392.5232 ns/op
WorkloadPilot   12: 32768 op, 13170500.00 ns, 401.9318 ns/op
WorkloadPilot   13: 65536 op, 25502800.00 ns, 389.1418 ns/op
WorkloadPilot   14: 131072 op, 49173700.00 ns, 375.1656 ns/op
WorkloadPilot   15: 262144 op, 48687000.00 ns, 185.7262 ns/op
WorkloadPilot   16: 524288 op, 36507700.00 ns, 69.6329 ns/op
WorkloadPilot   17: 1048576 op, 73782600.00 ns, 70.3646 ns/op
WorkloadPilot   18: 2097152 op, 142774400.00 ns, 68.0801 ns/op
WorkloadPilot   19: 4194304 op, 283738700.00 ns, 67.6486 ns/op
WorkloadPilot   20: 8388608 op, 586035600.00 ns, 69.8609 ns/op

OverheadWarmup   1: 8388608 op, 26053500.00 ns, 3.1058 ns/op
OverheadWarmup   2: 8388608 op, 26098200.00 ns, 3.1111 ns/op
OverheadWarmup   3: 8388608 op, 26533800.00 ns, 3.1631 ns/op
OverheadWarmup   4: 8388608 op, 26355400.00 ns, 3.1418 ns/op
OverheadWarmup   5: 8388608 op, 26319100.00 ns, 3.1375 ns/op
OverheadWarmup   6: 8388608 op, 26262700.00 ns, 3.1308 ns/op
OverheadWarmup   7: 8388608 op, 26200000.00 ns, 3.1233 ns/op
OverheadWarmup   8: 8388608 op, 26354400.00 ns, 3.1417 ns/op
OverheadWarmup   9: 8388608 op, 29852700.00 ns, 3.5587 ns/op
OverheadWarmup  10: 8388608 op, 22212300.00 ns, 2.6479 ns/op

OverheadActual   1: 8388608 op, 22284400.00 ns, 2.6565 ns/op
OverheadActual   2: 8388608 op, 21958600.00 ns, 2.6177 ns/op
OverheadActual   3: 8388608 op, 22002600.00 ns, 2.6229 ns/op
OverheadActual   4: 8388608 op, 22495900.00 ns, 2.6817 ns/op
OverheadActual   5: 8388608 op, 22751700.00 ns, 2.7122 ns/op
OverheadActual   6: 8388608 op, 22605200.00 ns, 2.6947 ns/op
OverheadActual   7: 8388608 op, 22396700.00 ns, 2.6699 ns/op
OverheadActual   8: 8388608 op, 22893700.00 ns, 2.7291 ns/op
OverheadActual   9: 8388608 op, 22392300.00 ns, 2.6694 ns/op
OverheadActual  10: 8388608 op, 22643000.00 ns, 2.6993 ns/op
OverheadActual  11: 8388608 op, 21808300.00 ns, 2.5998 ns/op
OverheadActual  12: 8388608 op, 22991900.00 ns, 2.7408 ns/op
OverheadActual  13: 8388608 op, 22101600.00 ns, 2.6347 ns/op
OverheadActual  14: 8388608 op, 21875600.00 ns, 2.6078 ns/op
OverheadActual  15: 8388608 op, 21748300.00 ns, 2.5926 ns/op

WorkloadWarmup   1: 8388608 op, 588044000.00 ns, 70.1003 ns/op
WorkloadWarmup   2: 8388608 op, 568627000.00 ns, 67.7856 ns/op
WorkloadWarmup   3: 8388608 op, 590221600.00 ns, 70.3599 ns/op
WorkloadWarmup   4: 8388608 op, 582169600.00 ns, 69.4000 ns/op
WorkloadWarmup   5: 8388608 op, 597844300.00 ns, 71.2686 ns/op
WorkloadWarmup   6: 8388608 op, 582927700.00 ns, 69.4904 ns/op

// BeforeActualRun
WorkloadActual   1: 8388608 op, 587714300.00 ns, 70.0610 ns/op
WorkloadActual   2: 8388608 op, 584649500.00 ns, 69.6957 ns/op
WorkloadActual   3: 8388608 op, 593470100.00 ns, 70.7471 ns/op
WorkloadActual   4: 8388608 op, 627536400.00 ns, 74.8082 ns/op
WorkloadActual   5: 8388608 op, 639414900.00 ns, 76.2242 ns/op
WorkloadActual   6: 8388608 op, 583803700.00 ns, 69.5948 ns/op
WorkloadActual   7: 8388608 op, 580824100.00 ns, 69.2396 ns/op
WorkloadActual   8: 8388608 op, 608296700.00 ns, 72.5146 ns/op
WorkloadActual   9: 8388608 op, 586833300.00 ns, 69.9560 ns/op
WorkloadActual  10: 8388608 op, 596526400.00 ns, 71.1115 ns/op
WorkloadActual  11: 8388608 op, 662742800.00 ns, 79.0051 ns/op
WorkloadActual  12: 8388608 op, 575852400.00 ns, 68.6470 ns/op
WorkloadActual  13: 8388608 op, 584401200.00 ns, 69.6661 ns/op
WorkloadActual  14: 8388608 op, 583697400.00 ns, 69.5822 ns/op
WorkloadActual  15: 8388608 op, 591901200.00 ns, 70.5601 ns/op
WorkloadActual  16: 8388608 op, 585401600.00 ns, 69.7853 ns/op
WorkloadActual  17: 8388608 op, 580572300.00 ns, 69.2096 ns/op

// AfterActualRun
WorkloadResult   1: 8388608 op, 565322000.00 ns, 67.3916 ns/op
WorkloadResult   2: 8388608 op, 562257200.00 ns, 67.0263 ns/op
WorkloadResult   3: 8388608 op, 571077800.00 ns, 68.0778 ns/op
WorkloadResult   4: 8388608 op, 561411400.00 ns, 66.9255 ns/op
WorkloadResult   5: 8388608 op, 558431800.00 ns, 66.5703 ns/op
WorkloadResult   6: 8388608 op, 585904400.00 ns, 69.8452 ns/op
WorkloadResult   7: 8388608 op, 564441000.00 ns, 67.2866 ns/op
WorkloadResult   8: 8388608 op, 574134100.00 ns, 68.4421 ns/op
WorkloadResult   9: 8388608 op, 553460100.00 ns, 65.9776 ns/op
WorkloadResult  10: 8388608 op, 562008900.00 ns, 66.9967 ns/op
WorkloadResult  11: 8388608 op, 561305100.00 ns, 66.9128 ns/op
WorkloadResult  12: 8388608 op, 569508900.00 ns, 67.8908 ns/op
WorkloadResult  13: 8388608 op, 563009300.00 ns, 67.1159 ns/op
WorkloadResult  14: 8388608 op, 558180000.00 ns, 66.5402 ns/op
// GC:  96 0 0 805306768 8388608
// Threading:  0 0 8388608

// AfterAll
// Benchmark Process 14052 has exited with code 0.

Mean = 67.357 ns, StdErr = 0.257 ns (0.38%), N = 14, StdDev = 0.963 ns
Min = 65.978 ns, Q1 = 66.916 ns, Median = 67.071 ns, Q3 = 67.766 ns, Max = 69.845 ns
IQR = 0.850 ns, LowerFence = 65.641 ns, UpperFence = 69.041 ns
ConfidenceInterval = [66.271 ns; 68.443 ns] (CI 99.9%), Margin = 1.086 ns (1.61% of Mean)
Skewness = 1.06, Kurtosis = 3.71, MValue = 2

// ** Remained 2 (16.7%) benchmark(s) to run. Estimated finish 2026-03-31 18:01 (0h 0m from now) **
Setup power plan (GUID: 8c5e7fda-e8bf-4a96-9a85-a6e23a8c635c FriendlyName: High performance)
// **************************
// Benchmark: SortBenchmarks.ArraySort3_Small: DefaultJob
// *** Execute ***
// Launch: 1 / 1
// Execute: dotnet 703ab8d2-ad20-4fed-8518-ab529465ad92.dll --anonymousPipes 1800 1460 --benchmarkName SortBenchmark.SortBenchmarks.ArraySort3_Small --job Default --benchmarkId 10 in C:\directory-git\ktits-repository-3\SortBenchmark\bin\Release\net8.0\703ab8d2-ad20-4fed-8518-ab529465ad92\bin\Release\net8.0
// BeforeAnythingElse

// Benchmark Process Environment Information:
// BenchmarkDotNet v0.13.12
// Runtime=.NET 8.0.24 (8.0.2426.7010), X64 RyuJIT AVX2
// GC=Concurrent Workstation
// HardwareIntrinsics=AVX2,AES,BMI1,BMI2,FMA,LZCNT,PCLMUL,POPCNT VectorSize=256
// Job: DefaultJob

OverheadJitting  1: 1 op, 210500.00 ns, 210.5000 us/op
WorkloadJitting  1: 1 op, 571900.00 ns, 571.9000 us/op

OverheadJitting  2: 16 op, 454300.00 ns, 28.3938 us/op
WorkloadJitting  2: 16 op, 429400.00 ns, 26.8375 us/op

WorkloadPilot    1: 16 op, 7700.00 ns, 481.2500 ns/op
WorkloadPilot    2: 32 op, 11600.00 ns, 362.5000 ns/op
WorkloadPilot    3: 64 op, 19200.00 ns, 300.0000 ns/op
WorkloadPilot    4: 128 op, 45500.00 ns, 355.4688 ns/op
WorkloadPilot    5: 256 op, 125000.00 ns, 488.2812 ns/op
WorkloadPilot    6: 512 op, 272300.00 ns, 531.8359 ns/op
WorkloadPilot    7: 1024 op, 509200.00 ns, 497.2656 ns/op
WorkloadPilot    8: 2048 op, 830700.00 ns, 405.6152 ns/op
WorkloadPilot    9: 4096 op, 1487100.00 ns, 363.0615 ns/op
WorkloadPilot   10: 8192 op, 2780600.00 ns, 339.4287 ns/op
WorkloadPilot   11: 16384 op, 5580500.00 ns, 340.6067 ns/op
WorkloadPilot   12: 32768 op, 11288600.00 ns, 344.5007 ns/op
WorkloadPilot   13: 65536 op, 22234900.00 ns, 339.2776 ns/op
WorkloadPilot   14: 131072 op, 43484600.00 ns, 331.7612 ns/op
WorkloadPilot   15: 262144 op, 58483800.00 ns, 223.0980 ns/op
WorkloadPilot   16: 524288 op, 39674200.00 ns, 75.6725 ns/op
WorkloadPilot   17: 1048576 op, 79676400.00 ns, 75.9853 ns/op
WorkloadPilot   18: 2097152 op, 155042700.00 ns, 73.9301 ns/op
WorkloadPilot   19: 4194304 op, 310128500.00 ns, 73.9404 ns/op
WorkloadPilot   20: 8388608 op, 617088600.00 ns, 73.5627 ns/op

OverheadWarmup   1: 8388608 op, 26438200.00 ns, 3.1517 ns/op
OverheadWarmup   2: 8388608 op, 26944800.00 ns, 3.2121 ns/op
OverheadWarmup   3: 8388608 op, 26814500.00 ns, 3.1965 ns/op
OverheadWarmup   4: 8388608 op, 26718900.00 ns, 3.1851 ns/op
OverheadWarmup   5: 8388608 op, 26272200.00 ns, 3.1319 ns/op
OverheadWarmup   6: 8388608 op, 28344600.00 ns, 3.3789 ns/op
OverheadWarmup   7: 8388608 op, 26352000.00 ns, 3.1414 ns/op

OverheadActual   1: 8388608 op, 26264000.00 ns, 3.1309 ns/op
OverheadActual   2: 8388608 op, 26528100.00 ns, 3.1624 ns/op
OverheadActual   3: 8388608 op, 26391300.00 ns, 3.1461 ns/op
OverheadActual   4: 8388608 op, 26528300.00 ns, 3.1624 ns/op
OverheadActual   5: 8388608 op, 26242500.00 ns, 3.1283 ns/op
OverheadActual   6: 8388608 op, 26422200.00 ns, 3.1498 ns/op
OverheadActual   7: 8388608 op, 26750400.00 ns, 3.1889 ns/op
OverheadActual   8: 8388608 op, 26149500.00 ns, 3.1173 ns/op
OverheadActual   9: 8388608 op, 26912900.00 ns, 3.2083 ns/op
OverheadActual  10: 8388608 op, 30246800.00 ns, 3.6057 ns/op
OverheadActual  11: 8388608 op, 21889200.00 ns, 2.6094 ns/op
OverheadActual  12: 8388608 op, 21966000.00 ns, 2.6186 ns/op
OverheadActual  13: 8388608 op, 21917500.00 ns, 2.6128 ns/op
OverheadActual  14: 8388608 op, 21859800.00 ns, 2.6059 ns/op
OverheadActual  15: 8388608 op, 24798300.00 ns, 2.9562 ns/op
OverheadActual  16: 8388608 op, 22862300.00 ns, 2.7254 ns/op
OverheadActual  17: 8388608 op, 22483700.00 ns, 2.6803 ns/op
OverheadActual  18: 8388608 op, 22457500.00 ns, 2.6771 ns/op
OverheadActual  19: 8388608 op, 22309700.00 ns, 2.6595 ns/op
OverheadActual  20: 8388608 op, 22306200.00 ns, 2.6591 ns/op

WorkloadWarmup   1: 8388608 op, 626554800.00 ns, 74.6912 ns/op
WorkloadWarmup   2: 8388608 op, 613466800.00 ns, 73.1309 ns/op
WorkloadWarmup   3: 8388608 op, 612092100.00 ns, 72.9671 ns/op
WorkloadWarmup   4: 8388608 op, 618223000.00 ns, 73.6979 ns/op
WorkloadWarmup   5: 8388608 op, 619400000.00 ns, 73.8382 ns/op
WorkloadWarmup   6: 8388608 op, 613095400.00 ns, 73.0867 ns/op
WorkloadWarmup   7: 8388608 op, 616766600.00 ns, 73.5243 ns/op
WorkloadWarmup   8: 8388608 op, 614363800.00 ns, 73.2379 ns/op

// BeforeActualRun
WorkloadActual   1: 8388608 op, 612838900.00 ns, 73.0561 ns/op
WorkloadActual   2: 8388608 op, 624370200.00 ns, 74.4307 ns/op
WorkloadActual   3: 8388608 op, 634551400.00 ns, 75.6444 ns/op
WorkloadActual   4: 8388608 op, 627689500.00 ns, 74.8264 ns/op
WorkloadActual   5: 8388608 op, 632209100.00 ns, 75.3652 ns/op
WorkloadActual   6: 8388608 op, 634435500.00 ns, 75.6306 ns/op
WorkloadActual   7: 8388608 op, 630899700.00 ns, 75.2091 ns/op
WorkloadActual   8: 8388608 op, 649154600.00 ns, 77.3853 ns/op
WorkloadActual   9: 8388608 op, 646760200.00 ns, 77.0998 ns/op
WorkloadActual  10: 8388608 op, 646895100.00 ns, 77.1159 ns/op
WorkloadActual  11: 8388608 op, 637128400.00 ns, 75.9516 ns/op
WorkloadActual  12: 8388608 op, 625878300.00 ns, 74.6105 ns/op
WorkloadActual  13: 8388608 op, 639277600.00 ns, 76.2078 ns/op
WorkloadActual  14: 8388608 op, 625796900.00 ns, 74.6008 ns/op
WorkloadActual  15: 8388608 op, 623530800.00 ns, 74.3307 ns/op

// AfterActualRun
WorkloadResult   1: 8388608 op, 587365000.00 ns, 70.0194 ns/op
WorkloadResult   2: 8388608 op, 598896300.00 ns, 71.3940 ns/op
WorkloadResult   3: 8388608 op, 609077500.00 ns, 72.6077 ns/op
WorkloadResult   4: 8388608 op, 602215600.00 ns, 71.7897 ns/op
WorkloadResult   5: 8388608 op, 606735200.00 ns, 72.3285 ns/op
WorkloadResult   6: 8388608 op, 608961600.00 ns, 72.5939 ns/op
WorkloadResult   7: 8388608 op, 605425800.00 ns, 72.1724 ns/op
WorkloadResult   8: 8388608 op, 623680700.00 ns, 74.3485 ns/op
WorkloadResult   9: 8388608 op, 621286300.00 ns, 74.0631 ns/op
WorkloadResult  10: 8388608 op, 621421200.00 ns, 74.0792 ns/op
WorkloadResult  11: 8388608 op, 611654500.00 ns, 72.9149 ns/op
WorkloadResult  12: 8388608 op, 600404400.00 ns, 71.5738 ns/op
WorkloadResult  13: 8388608 op, 613803700.00 ns, 73.1711 ns/op
WorkloadResult  14: 8388608 op, 600323000.00 ns, 71.5641 ns/op
WorkloadResult  15: 8388608 op, 598056900.00 ns, 71.2939 ns/op
// GC:  96 0 0 805306768 8388608
// Threading:  0 0 8388608

// AfterAll
// Benchmark Process 19996 has exited with code 0.

Mean = 72.394 ns, StdErr = 0.309 ns (0.43%), N = 15, StdDev = 1.196 ns
Min = 70.019 ns, Q1 = 71.569 ns, Median = 72.328 ns, Q3 = 73.043 ns, Max = 74.349 ns
IQR = 1.474 ns, LowerFence = 69.358 ns, UpperFence = 75.254 ns
ConfidenceInterval = [71.115 ns; 73.673 ns] (CI 99.9%), Margin = 1.279 ns (1.77% of Mean)
Skewness = 0.02, Kurtosis = 2.15, MValue = 2

// ** Remained 1 (8.3%) benchmark(s) to run. Estimated finish 2026-03-31 18:01 (0h 0m from now) **
Setup power plan (GUID: 8c5e7fda-e8bf-4a96-9a85-a6e23a8c635c FriendlyName: High performance)
// **************************
// Benchmark: SortBenchmarks.ArraySort4_Small: DefaultJob
// *** Execute ***
// Launch: 1 / 1
// Execute: dotnet 703ab8d2-ad20-4fed-8518-ab529465ad92.dll --anonymousPipes 1880 1888 --benchmarkName SortBenchmark.SortBenchmarks.ArraySort4_Small --job Default --benchmarkId 11 in C:\directory-git\ktits-repository-3\SortBenchmark\bin\Release\net8.0\703ab8d2-ad20-4fed-8518-ab529465ad92\bin\Release\net8.0
// BeforeAnythingElse

// Benchmark Process Environment Information:
// BenchmarkDotNet v0.13.12
// Runtime=.NET 8.0.24 (8.0.2426.7010), X64 RyuJIT AVX2
// GC=Concurrent Workstation
// HardwareIntrinsics=AVX2,AES,BMI1,BMI2,FMA,LZCNT,PCLMUL,POPCNT VectorSize=256
// Job: DefaultJob

OverheadJitting  1: 1 op, 210700.00 ns, 210.7000 us/op
WorkloadJitting  1: 1 op, 626800.00 ns, 626.8000 us/op

OverheadJitting  2: 16 op, 404600.00 ns, 25.2875 us/op
WorkloadJitting  2: 16 op, 414900.00 ns, 25.9312 us/op

WorkloadPilot    1: 16 op, 11200.00 ns, 700.0000 ns/op
WorkloadPilot    2: 32 op, 18900.00 ns, 590.6250 ns/op
WorkloadPilot    3: 64 op, 34000.00 ns, 531.2500 ns/op
WorkloadPilot    4: 128 op, 69600.00 ns, 543.7500 ns/op
WorkloadPilot    5: 256 op, 193900.00 ns, 757.4219 ns/op
WorkloadPilot    6: 512 op, 488300.00 ns, 953.7109 ns/op
WorkloadPilot    7: 1024 op, 843300.00 ns, 823.5352 ns/op
WorkloadPilot    8: 2048 op, 1388600.00 ns, 678.0273 ns/op
WorkloadPilot    9: 4096 op, 2701800.00 ns, 659.6191 ns/op
WorkloadPilot   10: 8192 op, 4901900.00 ns, 598.3765 ns/op
WorkloadPilot   11: 16384 op, 9808100.00 ns, 598.6389 ns/op
WorkloadPilot   12: 32768 op, 19271300.00 ns, 588.1134 ns/op
WorkloadPilot   13: 65536 op, 38236000.00 ns, 583.4351 ns/op
WorkloadPilot   14: 131072 op, 63204100.00 ns, 482.2090 ns/op
WorkloadPilot   15: 262144 op, 36150700.00 ns, 137.9040 ns/op
WorkloadPilot   16: 524288 op, 72448700.00 ns, 138.1849 ns/op
WorkloadPilot   17: 1048576 op, 149714800.00 ns, 142.7792 ns/op
WorkloadPilot   18: 2097152 op, 285090100.00 ns, 135.9416 ns/op
WorkloadPilot   19: 4194304 op, 571108900.00 ns, 136.1630 ns/op

OverheadWarmup   1: 4194304 op, 13066400.00 ns, 3.1153 ns/op
OverheadWarmup   2: 4194304 op, 13335600.00 ns, 3.1795 ns/op
OverheadWarmup   3: 4194304 op, 13010700.00 ns, 3.1020 ns/op
OverheadWarmup   4: 4194304 op, 13112300.00 ns, 3.1262 ns/op
OverheadWarmup   5: 4194304 op, 13131800.00 ns, 3.1309 ns/op
OverheadWarmup   6: 4194304 op, 15704700.00 ns, 3.7443 ns/op
OverheadWarmup   7: 4194304 op, 14117200.00 ns, 3.3658 ns/op

OverheadActual   1: 4194304 op, 13105800.00 ns, 3.1247 ns/op
OverheadActual   2: 4194304 op, 13090100.00 ns, 3.1209 ns/op
OverheadActual   3: 4194304 op, 13048800.00 ns, 3.1111 ns/op
OverheadActual   4: 4194304 op, 13045200.00 ns, 3.1102 ns/op
OverheadActual   5: 4194304 op, 13111900.00 ns, 3.1261 ns/op
OverheadActual   6: 4194304 op, 13456300.00 ns, 3.2082 ns/op
OverheadActual   7: 4194304 op, 13071600.00 ns, 3.1165 ns/op
OverheadActual   8: 4194304 op, 13099000.00 ns, 3.1230 ns/op
OverheadActual   9: 4194304 op, 13124900.00 ns, 3.1292 ns/op
OverheadActual  10: 4194304 op, 14089800.00 ns, 3.3593 ns/op
OverheadActual  11: 4194304 op, 14106000.00 ns, 3.3631 ns/op
OverheadActual  12: 4194304 op, 13291900.00 ns, 3.1690 ns/op
OverheadActual  13: 4194304 op, 13165000.00 ns, 3.1388 ns/op
OverheadActual  14: 4194304 op, 14228700.00 ns, 3.3924 ns/op
OverheadActual  15: 4194304 op, 15747600.00 ns, 3.7545 ns/op

WorkloadWarmup   1: 4194304 op, 654288500.00 ns, 155.9945 ns/op
WorkloadWarmup   2: 4194304 op, 571850500.00 ns, 136.3398 ns/op
WorkloadWarmup   3: 4194304 op, 569443300.00 ns, 135.7659 ns/op
WorkloadWarmup   4: 4194304 op, 570097800.00 ns, 135.9219 ns/op
WorkloadWarmup   5: 4194304 op, 575086600.00 ns, 137.1113 ns/op
WorkloadWarmup   6: 4194304 op, 575954200.00 ns, 137.3182 ns/op
WorkloadWarmup   7: 4194304 op, 574962400.00 ns, 137.0817 ns/op
WorkloadWarmup   8: 4194304 op, 577814800.00 ns, 137.7618 ns/op
WorkloadWarmup   9: 4194304 op, 587157400.00 ns, 139.9892 ns/op
WorkloadWarmup  10: 4194304 op, 585185500.00 ns, 139.5191 ns/op

// BeforeActualRun
WorkloadActual   1: 4194304 op, 572528500.00 ns, 136.5014 ns/op
WorkloadActual   2: 4194304 op, 592708600.00 ns, 141.3127 ns/op
WorkloadActual   3: 4194304 op, 711347000.00 ns, 169.5983 ns/op
WorkloadActual   4: 4194304 op, 590617900.00 ns, 140.8143 ns/op
WorkloadActual   5: 4194304 op, 592432400.00 ns, 141.2469 ns/op
WorkloadActual   6: 4194304 op, 588751700.00 ns, 140.3693 ns/op
WorkloadActual   7: 4194304 op, 580361100.00 ns, 138.3689 ns/op
WorkloadActual   8: 4194304 op, 577917700.00 ns, 137.7863 ns/op
WorkloadActual   9: 4194304 op, 578813000.00 ns, 137.9998 ns/op
WorkloadActual  10: 4194304 op, 592789000.00 ns, 141.3319 ns/op
WorkloadActual  11: 4194304 op, 581303300.00 ns, 138.5935 ns/op
WorkloadActual  12: 4194304 op, 635005300.00 ns, 151.3971 ns/op
WorkloadActual  13: 4194304 op, 600146200.00 ns, 143.0860 ns/op
WorkloadActual  14: 4194304 op, 579977800.00 ns, 138.2775 ns/op
WorkloadActual  15: 4194304 op, 582230900.00 ns, 138.8147 ns/op

// AfterActualRun
WorkloadResult   1: 4194304 op, 559403600.00 ns, 133.3722 ns/op
WorkloadResult   2: 4194304 op, 579583700.00 ns, 138.1835 ns/op
WorkloadResult   3: 4194304 op, 577493000.00 ns, 137.6851 ns/op
WorkloadResult   4: 4194304 op, 579307500.00 ns, 138.1177 ns/op
WorkloadResult   5: 4194304 op, 575626800.00 ns, 137.2401 ns/op
WorkloadResult   6: 4194304 op, 567236200.00 ns, 135.2396 ns/op
WorkloadResult   7: 4194304 op, 564792800.00 ns, 134.6571 ns/op
WorkloadResult   8: 4194304 op, 565688100.00 ns, 134.8706 ns/op
WorkloadResult   9: 4194304 op, 579664100.00 ns, 138.2027 ns/op
WorkloadResult  10: 4194304 op, 568178400.00 ns, 135.4643 ns/op
WorkloadResult  11: 4194304 op, 587021300.00 ns, 139.9568 ns/op
WorkloadResult  12: 4194304 op, 566852900.00 ns, 135.1483 ns/op
WorkloadResult  13: 4194304 op, 569106000.00 ns, 135.6854 ns/op
// GC:  80 0 0 671089040 4194304
// Threading:  0 0 4194304

// AfterAll
// Benchmark Process 13344 has exited with code 0.

Mean = 136.448 ns, StdErr = 0.526 ns (0.39%), N = 13, StdDev = 1.897 ns
Min = 133.372 ns, Q1 = 135.148 ns, Median = 135.685 ns, Q3 = 138.118 ns, Max = 139.957 ns
IQR = 2.969 ns, LowerFence = 130.694 ns, UpperFence = 142.572 ns
ConfidenceInterval = [134.176 ns; 138.720 ns] (CI 99.9%), Margin = 2.272 ns (1.67% of Mean)
Skewness = 0.19, Kurtosis = 1.74, MValue = 2

// ** Remained 0 (0.0%) benchmark(s) to run. Estimated finish 2026-03-31 18:01 (0h 0m from now) **
Successfully reverted power plan (GUID: 8c5e7fda-e8bf-4a96-9a85-a6e23a8c635c FriendlyName: High performance)
// ***** BenchmarkRunner: Finish  *****

// * Export *
  BenchmarkDotNet.Artifacts\results\SortBenchmark.SortBenchmarks-report.html

// * Detailed results *
SortBenchmarks.ArraySort1_Large: DefaultJob
Runtime = .NET 8.0.24 (8.0.2426.7010), X64 RyuJIT AVX2; GC = Concurrent Workstation
Mean = 7.433 μs, StdErr = 0.027 μs (0.37%), N = 13, StdDev = 0.099 μs
Min = 7.264 μs, Q1 = 7.391 μs, Median = 7.419 μs, Q3 = 7.460 μs, Max = 7.679 μs
IQR = 0.069 μs, LowerFence = 7.289 μs, UpperFence = 7.563 μs
ConfidenceInterval = [7.315 μs; 7.551 μs] (CI 99.9%), Margin = 0.118 μs (1.59% of Mean)
Skewness = 0.89, Kurtosis = 3.83, MValue = 2
-------------------- Histogram --------------------
[7.209 μs ; 7.493 μs) | @@@@@@@@@@@
[7.493 μs ; 7.734 μs) | @@
---------------------------------------------------

SortBenchmarks.ArraySort2_Large: DefaultJob
Runtime = .NET 8.0.24 (8.0.2426.7010), X64 RyuJIT AVX2; GC = Concurrent Workstation
Mean = 504.585 μs, StdErr = 2.517 μs (0.50%), N = 21, StdDev = 11.534 μs
Min = 493.292 μs, Q1 = 497.439 μs, Median = 499.392 μs, Q3 = 511.140 μs, Max = 532.028 μs
IQR = 13.701 μs, LowerFence = 476.887 μs, UpperFence = 531.692 μs
ConfidenceInterval = [494.896 μs; 514.273 μs] (CI 99.9%), Margin = 9.689 μs (1.92% of Mean)
Skewness = 1.09, Kurtosis = 2.91, MValue = 2
-------------------- Histogram --------------------
[491.597 μs ; 506.813 μs) | @@@@@@@@@@@@@@
[506.813 μs ; 525.125 μs) | @@@@@
[525.125 μs ; 537.515 μs) | @@
---------------------------------------------------

SortBenchmarks.ArraySort3_Large: DefaultJob
Runtime = .NET 8.0.24 (8.0.2426.7010), X64 RyuJIT AVX2; GC = Concurrent Workstation
Mean = 14.049 μs, StdErr = 0.032 μs (0.23%), N = 14, StdDev = 0.121 μs
Min = 13.882 μs, Q1 = 13.965 μs, Median = 14.054 μs, Q3 = 14.108 μs, Max = 14.240 μs
IQR = 0.143 μs, LowerFence = 13.750 μs, UpperFence = 14.323 μs
ConfidenceInterval = [13.912 μs; 14.186 μs] (CI 99.9%), Margin = 0.137 μs (0.98% of Mean)
Skewness = 0.17, Kurtosis = 1.6, MValue = 2
-------------------- Histogram --------------------
[13.816 μs ; 14.306 μs) | @@@@@@@@@@@@@@
---------------------------------------------------

SortBenchmarks.ArraySort4_Large: DefaultJob
Runtime = .NET 8.0.24 (8.0.2426.7010), X64 RyuJIT AVX2; GC = Concurrent Workstation
Mean = 23.693 μs, StdErr = 0.056 μs (0.24%), N = 15, StdDev = 0.217 μs
Min = 23.383 μs, Q1 = 23.491 μs, Median = 23.687 μs, Q3 = 23.856 μs, Max = 24.083 μs
IQR = 0.365 μs, LowerFence = 22.944 μs, UpperFence = 24.403 μs
ConfidenceInterval = [23.461 μs; 23.924 μs] (CI 99.9%), Margin = 0.232 μs (0.98% of Mean)
Skewness = 0.28, Kurtosis = 1.63, MValue = 2
-------------------- Histogram --------------------
[23.343 μs ; 24.198 μs) | @@@@@@@@@@@@@@@
---------------------------------------------------

SortBenchmarks.ArraySort1_Medium: DefaultJob
Runtime = .NET 8.0.24 (8.0.2426.7010), X64 RyuJIT AVX2; GC = Concurrent Workstation
Mean = 443.182 ns, StdErr = 0.895 ns (0.20%), N = 15, StdDev = 3.465 ns
Min = 434.819 ns, Q1 = 441.130 ns, Median = 444.202 ns, Q3 = 445.309 ns, Max = 447.757 ns
IQR = 4.179 ns, LowerFence = 434.862 ns, UpperFence = 451.578 ns
ConfidenceInterval = [439.478 ns; 446.886 ns] (CI 99.9%), Margin = 3.704 ns (0.84% of Mean)
Skewness = -0.88, Kurtosis = 2.88, MValue = 2
-------------------- Histogram --------------------
[432.975 ns ; 449.601 ns) | @@@@@@@@@@@@@@@
---------------------------------------------------

SortBenchmarks.ArraySort2_Medium: DefaultJob
Runtime = .NET 8.0.24 (8.0.2426.7010), X64 RyuJIT AVX2; GC = Concurrent Workstation
Mean = 4.756 μs, StdErr = 0.023 μs (0.48%), N = 17, StdDev = 0.094 μs
Min = 4.636 μs, Q1 = 4.676 μs, Median = 4.705 μs, Q3 = 4.831 μs, Max = 4.934 μs
IQR = 0.155 μs, LowerFence = 4.443 μs, UpperFence = 5.064 μs
ConfidenceInterval = [4.664 μs; 4.847 μs] (CI 99.9%), Margin = 0.091 μs (1.92% of Mean)
Skewness = 0.27, Kurtosis = 1.46, MValue = 2
-------------------- Histogram --------------------
[4.623 μs ; 4.791 μs) | @@@@@@@@@
[4.791 μs ; 4.982 μs) | @@@@@@@@
---------------------------------------------------

SortBenchmarks.ArraySort3_Medium: DefaultJob
Runtime = .NET 8.0.24 (8.0.2426.7010), X64 RyuJIT AVX2; GC = Concurrent Workstation
Mean = 835.404 ns, StdErr = 2.530 ns (0.30%), N = 14, StdDev = 9.467 ns
Min = 823.529 ns, Q1 = 828.374 ns, Median = 832.662 ns, Q3 = 841.883 ns, Max = 855.878 ns
IQR = 13.509 ns, LowerFence = 808.110 ns, UpperFence = 862.147 ns
ConfidenceInterval = [824.725 ns; 846.083 ns] (CI 99.9%), Margin = 10.679 ns (1.28% of Mean)
Skewness = 0.61, Kurtosis = 2.2, MValue = 2
-------------------- Histogram --------------------
[818.374 ns ; 835.705 ns) | @@@@@@@@
[835.705 ns ; 861.033 ns) | @@@@@@
---------------------------------------------------

SortBenchmarks.ArraySort4_Medium: DefaultJob
Runtime = .NET 8.0.24 (8.0.2426.7010), X64 RyuJIT AVX2; GC = Concurrent Workstation
Mean = 1.766 μs, StdErr = 0.005 μs (0.27%), N = 14, StdDev = 0.018 μs
Min = 1.746 μs, Q1 = 1.754 μs, Median = 1.759 μs, Q3 = 1.779 μs, Max = 1.807 μs
IQR = 0.024 μs, LowerFence = 1.718 μs, UpperFence = 1.815 μs
ConfidenceInterval = [1.747 μs; 1.786 μs] (CI 99.9%), Margin = 0.020 μs (1.12% of Mean)
Skewness = 0.91, Kurtosis = 2.54, MValue = 2
-------------------- Histogram --------------------
[1.737 μs ; 1.816 μs) | @@@@@@@@@@@@@@
---------------------------------------------------

SortBenchmarks.ArraySort1_Small: DefaultJob
Runtime = .NET 8.0.24 (8.0.2426.7010), X64 RyuJIT AVX2; GC = Concurrent Workstation
Mean = 45.214 ns, StdErr = 0.193 ns (0.43%), N = 14, StdDev = 0.721 ns
Min = 44.240 ns, Q1 = 44.782 ns, Median = 45.001 ns, Q3 = 45.530 ns, Max = 47.030 ns
IQR = 0.748 ns, LowerFence = 43.659 ns, UpperFence = 46.653 ns
ConfidenceInterval = [44.400 ns; 46.028 ns] (CI 99.9%), Margin = 0.814 ns (1.80% of Mean)
Skewness = 0.95, Kurtosis = 3.35, MValue = 2
-------------------- Histogram --------------------
[43.847 ns ; 45.275 ns) | @@@@@@@@@
[45.275 ns ; 47.423 ns) | @@@@@
---------------------------------------------------

SortBenchmarks.ArraySort2_Small: DefaultJob
Runtime = .NET 8.0.24 (8.0.2426.7010), X64 RyuJIT AVX2; GC = Concurrent Workstation
Mean = 67.357 ns, StdErr = 0.257 ns (0.38%), N = 14, StdDev = 0.963 ns
Min = 65.978 ns, Q1 = 66.916 ns, Median = 67.071 ns, Q3 = 67.766 ns, Max = 69.845 ns
IQR = 0.850 ns, LowerFence = 65.641 ns, UpperFence = 69.041 ns
ConfidenceInterval = [66.271 ns; 68.443 ns] (CI 99.9%), Margin = 1.086 ns (1.61% of Mean)
Skewness = 1.06, Kurtosis = 3.71, MValue = 2
-------------------- Histogram --------------------
[65.453 ns ; 67.636 ns) | @@@@@@@@@@
[67.636 ns ; 70.370 ns) | @@@@
---------------------------------------------------

SortBenchmarks.ArraySort3_Small: DefaultJob
Runtime = .NET 8.0.24 (8.0.2426.7010), X64 RyuJIT AVX2; GC = Concurrent Workstation
Mean = 72.394 ns, StdErr = 0.309 ns (0.43%), N = 15, StdDev = 1.196 ns
Min = 70.019 ns, Q1 = 71.569 ns, Median = 72.328 ns, Q3 = 73.043 ns, Max = 74.349 ns
IQR = 1.474 ns, LowerFence = 69.358 ns, UpperFence = 75.254 ns
ConfidenceInterval = [71.115 ns; 73.673 ns] (CI 99.9%), Margin = 1.279 ns (1.77% of Mean)
Skewness = 0.02, Kurtosis = 2.15, MValue = 2
-------------------- Histogram --------------------
[69.383 ns ; 71.281 ns) | @
[71.281 ns ; 74.985 ns) | @@@@@@@@@@@@@@
---------------------------------------------------

SortBenchmarks.ArraySort4_Small: DefaultJob
Runtime = .NET 8.0.24 (8.0.2426.7010), X64 RyuJIT AVX2; GC = Concurrent Workstation
Mean = 136.448 ns, StdErr = 0.526 ns (0.39%), N = 13, StdDev = 1.897 ns
Min = 133.372 ns, Q1 = 135.148 ns, Median = 135.685 ns, Q3 = 138.118 ns, Max = 139.957 ns
IQR = 2.969 ns, LowerFence = 130.694 ns, UpperFence = 142.572 ns
ConfidenceInterval = [134.176 ns; 138.720 ns] (CI 99.9%), Margin = 2.272 ns (1.67% of Mean)
Skewness = 0.19, Kurtosis = 1.74, MValue = 2
-------------------- Histogram --------------------
[132.313 ns ; 136.523 ns) | @@@@@@@
[136.523 ns ; 141.016 ns) | @@@@@@
---------------------------------------------------

// * Summary *

BenchmarkDotNet v0.13.12, Windows 11 (10.0.22631.6199/23H2/2023Update/SunValley3)
AMD Ryzen 5 5600H with Radeon Graphics, 1 CPU, 12 logical and 6 physical cores
.NET SDK 8.0.418
  [Host]     : .NET 8.0.24 (8.0.2426.7010), X64 RyuJIT AVX2
  DefaultJob : .NET 8.0.24 (8.0.2426.7010), X64 RyuJIT AVX2


There are no columns to show 
// * Config Issues *

// * Warnings *
Configuration
  Summary -> The exporter HtmlExporter is already present in configuration. There may be unexpected results.

// * Diagnostic Output - MemoryDiagnoser *


// ***** BenchmarkRunner: End *****
Run time: 00:04:09 (249.91 sec), executed benchmarks: 12

Global total time: 00:04:14 (254.31 sec), executed benchmarks: 12
// * Artifacts cleanup *
Artifacts cleanup is finished
